Archive member included to satisfy reference by file (symbol)

c:/users/user/documents/embedded c/7.0/toolchain/avr8/avr8-gnu-toolchain/bin/../lib/gcc/avr/5.4.0/../../../../avr/lib/avr5\libm.a(addsf3.o)
                              SevSeg/SevSeg.o (__subsf3)
c:/users/user/documents/embedded c/7.0/toolchain/avr8/avr8-gnu-toolchain/bin/../lib/gcc/avr/5.4.0/../../../../avr/lib/avr5\libm.a(addsf3x.o)
                              c:/users/user/documents/embedded c/7.0/toolchain/avr8/avr8-gnu-toolchain/bin/../lib/gcc/avr/5.4.0/../../../../avr/lib/avr5\libm.a(addsf3.o) (__addsf3x)
c:/users/user/documents/embedded c/7.0/toolchain/avr8/avr8-gnu-toolchain/bin/../lib/gcc/avr/5.4.0/../../../../avr/lib/avr5\libm.a(cmpsf2.o)
                              SevSeg/SevSeg.o (__ltsf2)
c:/users/user/documents/embedded c/7.0/toolchain/avr8/avr8-gnu-toolchain/bin/../lib/gcc/avr/5.4.0/../../../../avr/lib/avr5\libm.a(divsf3.o)
                              SevSeg/SevSeg.o (__divsf3)
c:/users/user/documents/embedded c/7.0/toolchain/avr8/avr8-gnu-toolchain/bin/../lib/gcc/avr/5.4.0/../../../../avr/lib/avr5\libm.a(divsf3x.o)
                              c:/users/user/documents/embedded c/7.0/toolchain/avr8/avr8-gnu-toolchain/bin/../lib/gcc/avr/5.4.0/../../../../avr/lib/avr5\libm.a(divsf3.o) (__divsf3x)
c:/users/user/documents/embedded c/7.0/toolchain/avr8/avr8-gnu-toolchain/bin/../lib/gcc/avr/5.4.0/../../../../avr/lib/avr5\libm.a(fixsfsi.o)
                              SevSeg/SevSeg.o (__fixsfsi)
c:/users/user/documents/embedded c/7.0/toolchain/avr8/avr8-gnu-toolchain/bin/../lib/gcc/avr/5.4.0/../../../../avr/lib/avr5\libm.a(fixunssfsi.o)
                              SevSeg/SevSeg.o (__fixunssfsi)
c:/users/user/documents/embedded c/7.0/toolchain/avr8/avr8-gnu-toolchain/bin/../lib/gcc/avr/5.4.0/../../../../avr/lib/avr5\libm.a(floatsisf.o)
                              main.o (__floatunsisf)
c:/users/user/documents/embedded c/7.0/toolchain/avr8/avr8-gnu-toolchain/bin/../lib/gcc/avr/5.4.0/../../../../avr/lib/avr5\libm.a(fp_cmp.o)
                              c:/users/user/documents/embedded c/7.0/toolchain/avr8/avr8-gnu-toolchain/bin/../lib/gcc/avr/5.4.0/../../../../avr/lib/avr5\libm.a(cmpsf2.o) (__fp_cmp)
c:/users/user/documents/embedded c/7.0/toolchain/avr8/avr8-gnu-toolchain/bin/../lib/gcc/avr/5.4.0/../../../../avr/lib/avr5\libm.a(fp_inf.o)
                              c:/users/user/documents/embedded c/7.0/toolchain/avr8/avr8-gnu-toolchain/bin/../lib/gcc/avr/5.4.0/../../../../avr/lib/avr5\libm.a(addsf3x.o) (__fp_inf)
c:/users/user/documents/embedded c/7.0/toolchain/avr8/avr8-gnu-toolchain/bin/../lib/gcc/avr/5.4.0/../../../../avr/lib/avr5\libm.a(fp_nan.o)
                              c:/users/user/documents/embedded c/7.0/toolchain/avr8/avr8-gnu-toolchain/bin/../lib/gcc/avr/5.4.0/../../../../avr/lib/avr5\libm.a(addsf3x.o) (__fp_nan)
c:/users/user/documents/embedded c/7.0/toolchain/avr8/avr8-gnu-toolchain/bin/../lib/gcc/avr/5.4.0/../../../../avr/lib/avr5\libm.a(fp_pscA.o)
                              c:/users/user/documents/embedded c/7.0/toolchain/avr8/avr8-gnu-toolchain/bin/../lib/gcc/avr/5.4.0/../../../../avr/lib/avr5\libm.a(addsf3x.o) (__fp_pscA)
c:/users/user/documents/embedded c/7.0/toolchain/avr8/avr8-gnu-toolchain/bin/../lib/gcc/avr/5.4.0/../../../../avr/lib/avr5\libm.a(fp_pscB.o)
                              c:/users/user/documents/embedded c/7.0/toolchain/avr8/avr8-gnu-toolchain/bin/../lib/gcc/avr/5.4.0/../../../../avr/lib/avr5\libm.a(addsf3x.o) (__fp_pscB)
c:/users/user/documents/embedded c/7.0/toolchain/avr8/avr8-gnu-toolchain/bin/../lib/gcc/avr/5.4.0/../../../../avr/lib/avr5\libm.a(fp_round.o)
                              c:/users/user/documents/embedded c/7.0/toolchain/avr8/avr8-gnu-toolchain/bin/../lib/gcc/avr/5.4.0/../../../../avr/lib/avr5\libm.a(addsf3.o) (__fp_round)
c:/users/user/documents/embedded c/7.0/toolchain/avr8/avr8-gnu-toolchain/bin/../lib/gcc/avr/5.4.0/../../../../avr/lib/avr5\libm.a(fp_split3.o)
                              c:/users/user/documents/embedded c/7.0/toolchain/avr8/avr8-gnu-toolchain/bin/../lib/gcc/avr/5.4.0/../../../../avr/lib/avr5\libm.a(addsf3x.o) (__fp_split3)
c:/users/user/documents/embedded c/7.0/toolchain/avr8/avr8-gnu-toolchain/bin/../lib/gcc/avr/5.4.0/../../../../avr/lib/avr5\libm.a(fp_zero.o)
                              c:/users/user/documents/embedded c/7.0/toolchain/avr8/avr8-gnu-toolchain/bin/../lib/gcc/avr/5.4.0/../../../../avr/lib/avr5\libm.a(addsf3x.o) (__fp_zero)
c:/users/user/documents/embedded c/7.0/toolchain/avr8/avr8-gnu-toolchain/bin/../lib/gcc/avr/5.4.0/../../../../avr/lib/avr5\libm.a(gesf2.o)
                              SevSeg/SevSeg.o (__gesf2)
c:/users/user/documents/embedded c/7.0/toolchain/avr8/avr8-gnu-toolchain/bin/../lib/gcc/avr/5.4.0/../../../../avr/lib/avr5\libm.a(mulsf3.o)
                              SevSeg/SevSeg.o (__mulsf3)
c:/users/user/documents/embedded c/7.0/toolchain/avr8/avr8-gnu-toolchain/bin/../lib/gcc/avr/5.4.0/../../../../avr/lib/avr5\libm.a(mulsf3x.o)
                              c:/users/user/documents/embedded c/7.0/toolchain/avr8/avr8-gnu-toolchain/bin/../lib/gcc/avr/5.4.0/../../../../avr/lib/avr5\libm.a(mulsf3.o) (__mulsf3x)
c:/users/user/documents/embedded c/7.0/toolchain/avr8/avr8-gnu-toolchain/bin/../lib/gcc/avr/5.4.0/avr5\libgcc.a(_exit.o)
                              C:/Users/User/Documents/embedded C/7.0/Packs/atmel/ATmega_DFP/1.7.374/gcc/dev/atmega32/avr5/crtatmega32.o (exit)
c:/users/user/documents/embedded c/7.0/toolchain/avr8/avr8-gnu-toolchain/bin/../lib/gcc/avr/5.4.0/avr5\libgcc.a(_copy_data.o)
                              main.o (__do_copy_data)
c:/users/user/documents/embedded c/7.0/toolchain/avr8/avr8-gnu-toolchain/bin/../lib/gcc/avr/5.4.0/avr5\libgcc.a(_clear_bss.o)
                              Adc/Adc.o (__do_clear_bss)

Allocating common symbols
Common symbol       size              file

digitsValue         0x4               SevSeg/SevSeg.o
timerSwInitParam    0x4               Timer/TimerCfg.o
timerSwHandle       0x10              SevSeg/SevSeg.o

Discarded input sections

 .data          0x00000000        0x0 C:/Users/User/Documents/embedded C/7.0/Packs/atmel/ATmega_DFP/1.7.374/gcc/dev/atmega32/avr5/crtatmega32.o
 .bss           0x00000000        0x0 C:/Users/User/Documents/embedded C/7.0/Packs/atmel/ATmega_DFP/1.7.374/gcc/dev/atmega32/avr5/crtatmega32.o
 .text          0x00000000        0x0 Adc/Adc.o
 .data          0x00000000        0x0 Adc/Adc.o
 .bss           0x00000000        0x0 Adc/Adc.o
 .text.GetAdcValue
                0x00000000        0x6 Adc/Adc.o
 .bss.adcValue  0x00000000        0x4 Adc/Adc.o
 .debug_info    0x00000000      0x146 Adc/Adc.o
 .debug_abbrev  0x00000000       0xad Adc/Adc.o
 .debug_aranges
                0x00000000       0x20 Adc/Adc.o
 .debug_ranges  0x00000000       0x10 Adc/Adc.o
 .debug_line    0x00000000       0xb6 Adc/Adc.o
 .debug_str     0x00000000      0x1e0 Adc/Adc.o
 .comment       0x00000000       0x31 Adc/Adc.o
 .debug_frame   0x00000000       0x24 Adc/Adc.o
 .text          0x00000000        0x0 Adc/AdcCfg.o
 .data          0x00000000        0x0 Adc/AdcCfg.o
 .bss           0x00000000        0x0 Adc/AdcCfg.o
 .text.AdcEnable
                0x00000000        0x8 Adc/AdcCfg.o
 .text.AdcDisable
                0x00000000        0x8 Adc/AdcCfg.o
 .text.AdcStartConversion
                0x00000000        0x8 Adc/AdcCfg.o
 .text.AdcCfgInitAndGet
                0x00000000       0x6c Adc/AdcCfg.o
 .text.AdcEnableInterrupt
                0x00000000        0x8 Adc/AdcCfg.o
 .bss.adcHandleConfig
                0x00000000        0x4 Adc/AdcCfg.o
 .debug_info    0x00000000      0x17d Adc/AdcCfg.o
 .debug_abbrev  0x00000000       0xd8 Adc/AdcCfg.o
 .debug_loc     0x00000000       0x1f Adc/AdcCfg.o
 .debug_aranges
                0x00000000       0x40 Adc/AdcCfg.o
 .debug_ranges  0x00000000       0x30 Adc/AdcCfg.o
 .debug_line    0x00000000      0x162 Adc/AdcCfg.o
 .debug_str     0x00000000      0x1fd Adc/AdcCfg.o
 .comment       0x00000000       0x31 Adc/AdcCfg.o
 .debug_frame   0x00000000       0x64 Adc/AdcCfg.o
 .text          0x00000000        0x0 Control/Control.o
 .data          0x00000000        0x0 Control/Control.o
 .bss           0x00000000        0x0 Control/Control.o
 .text          0x00000000        0x0 Control/ControlCfg.o
 .data          0x00000000        0x0 Control/ControlCfg.o
 .bss           0x00000000        0x0 Control/ControlCfg.o
 .text.ControlCfgAllLedOff
                0x00000000       0x28 Control/ControlCfg.o
 .text.ControlCfgAllLedsOn
                0x00000000       0x38 Control/ControlCfg.o
 .text.ControlCfgAllLedOn
                0x00000000       0x2a Control/ControlCfg.o
 .text          0x00000000        0x0 main.o
 .data          0x00000000        0x0 main.o
 .bss           0x00000000        0x0 main.o
 .text          0x00000000        0x0 Rtc/Rtc.o
 .data          0x00000000        0x0 Rtc/Rtc.o
 .bss           0x00000000        0x0 Rtc/Rtc.o
 .text.test     0x00000000        0x2 Rtc/Rtc.o
 .debug_info    0x00000000       0x3f Rtc/Rtc.o
 .debug_abbrev  0x00000000       0x2c Rtc/Rtc.o
 .debug_aranges
                0x00000000       0x20 Rtc/Rtc.o
 .debug_ranges  0x00000000       0x10 Rtc/Rtc.o
 .debug_line    0x00000000       0x38 Rtc/Rtc.o
 .debug_str     0x00000000       0xed Rtc/Rtc.o
 .comment       0x00000000       0x31 Rtc/Rtc.o
 .debug_frame   0x00000000       0x24 Rtc/Rtc.o
 .text          0x00000000        0x0 Rtc/RtcCfg.o
 .data          0x00000000        0x0 Rtc/RtcCfg.o
 .bss           0x00000000        0x0 Rtc/RtcCfg.o
 .debug_line    0x00000000        0x0 Rtc/RtcCfg.o
 .debug_str     0x00000000       0xeb Rtc/RtcCfg.o
 .comment       0x00000000       0x31 Rtc/RtcCfg.o
 .text          0x00000000        0x0 SevSeg/SevSeg.o
 .data          0x00000000        0x0 SevSeg/SevSeg.o
 .bss           0x00000000        0x0 SevSeg/SevSeg.o
 .text.TimeToBuff
                0x00000000       0x94 SevSeg/SevSeg.o
 .text.SevSegSetTimeVal
                0x00000000        0xc SevSeg/SevSeg.o
 .text.SevSegSetByDigit
                0x00000000       0x32 SevSeg/SevSeg.o
 .text.SevSegSetByDigitCostum
                0x00000000       0x16 SevSeg/SevSeg.o
 .text          0x00000000        0x0 SevSeg/SevSegCfg.o
 .data          0x00000000        0x0 SevSeg/SevSegCfg.o
 .bss           0x00000000        0x0 SevSeg/SevSegCfg.o
 .text          0x00000000        0x0 Timer/StatuError.o
 .data          0x00000000        0x0 Timer/StatuError.o
 .bss           0x00000000        0x0 Timer/StatuError.o
 .rodata.str1.1
                0x00000000      0x21b Timer/StatuError.o
 .text.StatusErrorToString
                0x00000000       0x1c Timer/StatuError.o
 .rodata.s_StatusErrorToString
                0x00000000       0x3c Timer/StatuError.o
 .debug_info    0x00000000      0x18c Timer/StatuError.o
 .debug_abbrev  0x00000000       0xa2 Timer/StatuError.o
 .debug_loc     0x00000000       0x3a Timer/StatuError.o
 .debug_aranges
                0x00000000       0x20 Timer/StatuError.o
 .debug_ranges  0x00000000       0x10 Timer/StatuError.o
 .debug_line    0x00000000       0x6b Timer/StatuError.o
 .debug_str     0x00000000      0x375 Timer/StatuError.o
 .comment       0x00000000       0x31 Timer/StatuError.o
 .debug_frame   0x00000000       0x24 Timer/StatuError.o
 .text          0x00000000        0x0 Timer/TimerCfg.o
 .data          0x00000000        0x0 Timer/TimerCfg.o
 .bss           0x00000000        0x0 Timer/TimerCfg.o
 .text          0x00000000        0x0 Timer/TimerSw.o
 .data          0x00000000        0x0 Timer/TimerSw.o
 .bss           0x00000000        0x0 Timer/TimerSw.o
 .text.s_Shutdown
                0x00000000       0x12 Timer/TimerSw.o
 .text.s_IsActive
                0x00000000       0x10 Timer/TimerSw.o
 .text.TimerSwGetInitParam
                0x00000000        0x4 Timer/TimerSw.o
 .text.TimerSwRelease
                0x00000000       0x20 Timer/TimerSw.o
 .text.TimerSwShutdown
                0x00000000       0x1a Timer/TimerSw.o
 .text.TimerSwIsActive
                0x00000000       0x1a Timer/TimerSw.o
 .text.TimerSwRemaining
                0x00000000       0x34 Timer/TimerSw.o
 .text.TimerSwPassed
                0x00000000       0x34 Timer/TimerSw.o
 .text          0x00000000        0x0 Timer/TimerSwBase.o
 .data          0x00000000        0x0 Timer/TimerSwBase.o
 .bss           0x00000000        0x0 Timer/TimerSwBase.o
 .text          0x00000000        0x0 c:/users/user/documents/embedded c/7.0/toolchain/avr8/avr8-gnu-toolchain/bin/../lib/gcc/avr/5.4.0/../../../../avr/lib/avr5\libm.a(addsf3.o)
 .data          0x00000000        0x0 c:/users/user/documents/embedded c/7.0/toolchain/avr8/avr8-gnu-toolchain/bin/../lib/gcc/avr/5.4.0/../../../../avr/lib/avr5\libm.a(addsf3.o)
 .bss           0x00000000        0x0 c:/users/user/documents/embedded c/7.0/toolchain/avr8/avr8-gnu-toolchain/bin/../lib/gcc/avr/5.4.0/../../../../avr/lib/avr5\libm.a(addsf3.o)
 .text          0x00000000        0x0 c:/users/user/documents/embedded c/7.0/toolchain/avr8/avr8-gnu-toolchain/bin/../lib/gcc/avr/5.4.0/../../../../avr/lib/avr5\libm.a(addsf3x.o)
 .data          0x00000000        0x0 c:/users/user/documents/embedded c/7.0/toolchain/avr8/avr8-gnu-toolchain/bin/../lib/gcc/avr/5.4.0/../../../../avr/lib/avr5\libm.a(addsf3x.o)
 .bss           0x00000000        0x0 c:/users/user/documents/embedded c/7.0/toolchain/avr8/avr8-gnu-toolchain/bin/../lib/gcc/avr/5.4.0/../../../../avr/lib/avr5\libm.a(addsf3x.o)
 .text          0x00000000        0x0 c:/users/user/documents/embedded c/7.0/toolchain/avr8/avr8-gnu-toolchain/bin/../lib/gcc/avr/5.4.0/../../../../avr/lib/avr5\libm.a(cmpsf2.o)
 .data          0x00000000        0x0 c:/users/user/documents/embedded c/7.0/toolchain/avr8/avr8-gnu-toolchain/bin/../lib/gcc/avr/5.4.0/../../../../avr/lib/avr5\libm.a(cmpsf2.o)
 .bss           0x00000000        0x0 c:/users/user/documents/embedded c/7.0/toolchain/avr8/avr8-gnu-toolchain/bin/../lib/gcc/avr/5.4.0/../../../../avr/lib/avr5\libm.a(cmpsf2.o)
 .text          0x00000000        0x0 c:/users/user/documents/embedded c/7.0/toolchain/avr8/avr8-gnu-toolchain/bin/../lib/gcc/avr/5.4.0/../../../../avr/lib/avr5\libm.a(divsf3.o)
 .data          0x00000000        0x0 c:/users/user/documents/embedded c/7.0/toolchain/avr8/avr8-gnu-toolchain/bin/../lib/gcc/avr/5.4.0/../../../../avr/lib/avr5\libm.a(divsf3.o)
 .bss           0x00000000        0x0 c:/users/user/documents/embedded c/7.0/toolchain/avr8/avr8-gnu-toolchain/bin/../lib/gcc/avr/5.4.0/../../../../avr/lib/avr5\libm.a(divsf3.o)
 .text          0x00000000        0x0 c:/users/user/documents/embedded c/7.0/toolchain/avr8/avr8-gnu-toolchain/bin/../lib/gcc/avr/5.4.0/../../../../avr/lib/avr5\libm.a(divsf3x.o)
 .data          0x00000000        0x0 c:/users/user/documents/embedded c/7.0/toolchain/avr8/avr8-gnu-toolchain/bin/../lib/gcc/avr/5.4.0/../../../../avr/lib/avr5\libm.a(divsf3x.o)
 .bss           0x00000000        0x0 c:/users/user/documents/embedded c/7.0/toolchain/avr8/avr8-gnu-toolchain/bin/../lib/gcc/avr/5.4.0/../../../../avr/lib/avr5\libm.a(divsf3x.o)
 .text          0x00000000        0x0 c:/users/user/documents/embedded c/7.0/toolchain/avr8/avr8-gnu-toolchain/bin/../lib/gcc/avr/5.4.0/../../../../avr/lib/avr5\libm.a(fixsfsi.o)
 .data          0x00000000        0x0 c:/users/user/documents/embedded c/7.0/toolchain/avr8/avr8-gnu-toolchain/bin/../lib/gcc/avr/5.4.0/../../../../avr/lib/avr5\libm.a(fixsfsi.o)
 .bss           0x00000000        0x0 c:/users/user/documents/embedded c/7.0/toolchain/avr8/avr8-gnu-toolchain/bin/../lib/gcc/avr/5.4.0/../../../../avr/lib/avr5\libm.a(fixsfsi.o)
 .text          0x00000000        0x0 c:/users/user/documents/embedded c/7.0/toolchain/avr8/avr8-gnu-toolchain/bin/../lib/gcc/avr/5.4.0/../../../../avr/lib/avr5\libm.a(fixunssfsi.o)
 .data          0x00000000        0x0 c:/users/user/documents/embedded c/7.0/toolchain/avr8/avr8-gnu-toolchain/bin/../lib/gcc/avr/5.4.0/../../../../avr/lib/avr5\libm.a(fixunssfsi.o)
 .bss           0x00000000        0x0 c:/users/user/documents/embedded c/7.0/toolchain/avr8/avr8-gnu-toolchain/bin/../lib/gcc/avr/5.4.0/../../../../avr/lib/avr5\libm.a(fixunssfsi.o)
 .text          0x00000000        0x0 c:/users/user/documents/embedded c/7.0/toolchain/avr8/avr8-gnu-toolchain/bin/../lib/gcc/avr/5.4.0/../../../../avr/lib/avr5\libm.a(floatsisf.o)
 .data          0x00000000        0x0 c:/users/user/documents/embedded c/7.0/toolchain/avr8/avr8-gnu-toolchain/bin/../lib/gcc/avr/5.4.0/../../../../avr/lib/avr5\libm.a(floatsisf.o)
 .bss           0x00000000        0x0 c:/users/user/documents/embedded c/7.0/toolchain/avr8/avr8-gnu-toolchain/bin/../lib/gcc/avr/5.4.0/../../../../avr/lib/avr5\libm.a(floatsisf.o)
 .text          0x00000000        0x0 c:/users/user/documents/embedded c/7.0/toolchain/avr8/avr8-gnu-toolchain/bin/../lib/gcc/avr/5.4.0/../../../../avr/lib/avr5\libm.a(fp_cmp.o)
 .data          0x00000000        0x0 c:/users/user/documents/embedded c/7.0/toolchain/avr8/avr8-gnu-toolchain/bin/../lib/gcc/avr/5.4.0/../../../../avr/lib/avr5\libm.a(fp_cmp.o)
 .bss           0x00000000        0x0 c:/users/user/documents/embedded c/7.0/toolchain/avr8/avr8-gnu-toolchain/bin/../lib/gcc/avr/5.4.0/../../../../avr/lib/avr5\libm.a(fp_cmp.o)
 .text          0x00000000        0x0 c:/users/user/documents/embedded c/7.0/toolchain/avr8/avr8-gnu-toolchain/bin/../lib/gcc/avr/5.4.0/../../../../avr/lib/avr5\libm.a(fp_inf.o)
 .data          0x00000000        0x0 c:/users/user/documents/embedded c/7.0/toolchain/avr8/avr8-gnu-toolchain/bin/../lib/gcc/avr/5.4.0/../../../../avr/lib/avr5\libm.a(fp_inf.o)
 .bss           0x00000000        0x0 c:/users/user/documents/embedded c/7.0/toolchain/avr8/avr8-gnu-toolchain/bin/../lib/gcc/avr/5.4.0/../../../../avr/lib/avr5\libm.a(fp_inf.o)
 .text          0x00000000        0x0 c:/users/user/documents/embedded c/7.0/toolchain/avr8/avr8-gnu-toolchain/bin/../lib/gcc/avr/5.4.0/../../../../avr/lib/avr5\libm.a(fp_nan.o)
 .data          0x00000000        0x0 c:/users/user/documents/embedded c/7.0/toolchain/avr8/avr8-gnu-toolchain/bin/../lib/gcc/avr/5.4.0/../../../../avr/lib/avr5\libm.a(fp_nan.o)
 .bss           0x00000000        0x0 c:/users/user/documents/embedded c/7.0/toolchain/avr8/avr8-gnu-toolchain/bin/../lib/gcc/avr/5.4.0/../../../../avr/lib/avr5\libm.a(fp_nan.o)
 .text          0x00000000        0x0 c:/users/user/documents/embedded c/7.0/toolchain/avr8/avr8-gnu-toolchain/bin/../lib/gcc/avr/5.4.0/../../../../avr/lib/avr5\libm.a(fp_pscA.o)
 .data          0x00000000        0x0 c:/users/user/documents/embedded c/7.0/toolchain/avr8/avr8-gnu-toolchain/bin/../lib/gcc/avr/5.4.0/../../../../avr/lib/avr5\libm.a(fp_pscA.o)
 .bss           0x00000000        0x0 c:/users/user/documents/embedded c/7.0/toolchain/avr8/avr8-gnu-toolchain/bin/../lib/gcc/avr/5.4.0/../../../../avr/lib/avr5\libm.a(fp_pscA.o)
 .text          0x00000000        0x0 c:/users/user/documents/embedded c/7.0/toolchain/avr8/avr8-gnu-toolchain/bin/../lib/gcc/avr/5.4.0/../../../../avr/lib/avr5\libm.a(fp_pscB.o)
 .data          0x00000000        0x0 c:/users/user/documents/embedded c/7.0/toolchain/avr8/avr8-gnu-toolchain/bin/../lib/gcc/avr/5.4.0/../../../../avr/lib/avr5\libm.a(fp_pscB.o)
 .bss           0x00000000        0x0 c:/users/user/documents/embedded c/7.0/toolchain/avr8/avr8-gnu-toolchain/bin/../lib/gcc/avr/5.4.0/../../../../avr/lib/avr5\libm.a(fp_pscB.o)
 .text          0x00000000        0x0 c:/users/user/documents/embedded c/7.0/toolchain/avr8/avr8-gnu-toolchain/bin/../lib/gcc/avr/5.4.0/../../../../avr/lib/avr5\libm.a(fp_round.o)
 .data          0x00000000        0x0 c:/users/user/documents/embedded c/7.0/toolchain/avr8/avr8-gnu-toolchain/bin/../lib/gcc/avr/5.4.0/../../../../avr/lib/avr5\libm.a(fp_round.o)
 .bss           0x00000000        0x0 c:/users/user/documents/embedded c/7.0/toolchain/avr8/avr8-gnu-toolchain/bin/../lib/gcc/avr/5.4.0/../../../../avr/lib/avr5\libm.a(fp_round.o)
 .text          0x00000000        0x0 c:/users/user/documents/embedded c/7.0/toolchain/avr8/avr8-gnu-toolchain/bin/../lib/gcc/avr/5.4.0/../../../../avr/lib/avr5\libm.a(fp_split3.o)
 .data          0x00000000        0x0 c:/users/user/documents/embedded c/7.0/toolchain/avr8/avr8-gnu-toolchain/bin/../lib/gcc/avr/5.4.0/../../../../avr/lib/avr5\libm.a(fp_split3.o)
 .bss           0x00000000        0x0 c:/users/user/documents/embedded c/7.0/toolchain/avr8/avr8-gnu-toolchain/bin/../lib/gcc/avr/5.4.0/../../../../avr/lib/avr5\libm.a(fp_split3.o)
 .text          0x00000000        0x0 c:/users/user/documents/embedded c/7.0/toolchain/avr8/avr8-gnu-toolchain/bin/../lib/gcc/avr/5.4.0/../../../../avr/lib/avr5\libm.a(fp_zero.o)
 .data          0x00000000        0x0 c:/users/user/documents/embedded c/7.0/toolchain/avr8/avr8-gnu-toolchain/bin/../lib/gcc/avr/5.4.0/../../../../avr/lib/avr5\libm.a(fp_zero.o)
 .bss           0x00000000        0x0 c:/users/user/documents/embedded c/7.0/toolchain/avr8/avr8-gnu-toolchain/bin/../lib/gcc/avr/5.4.0/../../../../avr/lib/avr5\libm.a(fp_zero.o)
 .text          0x00000000        0x0 c:/users/user/documents/embedded c/7.0/toolchain/avr8/avr8-gnu-toolchain/bin/../lib/gcc/avr/5.4.0/../../../../avr/lib/avr5\libm.a(gesf2.o)
 .data          0x00000000        0x0 c:/users/user/documents/embedded c/7.0/toolchain/avr8/avr8-gnu-toolchain/bin/../lib/gcc/avr/5.4.0/../../../../avr/lib/avr5\libm.a(gesf2.o)
 .bss           0x00000000        0x0 c:/users/user/documents/embedded c/7.0/toolchain/avr8/avr8-gnu-toolchain/bin/../lib/gcc/avr/5.4.0/../../../../avr/lib/avr5\libm.a(gesf2.o)
 .text          0x00000000        0x0 c:/users/user/documents/embedded c/7.0/toolchain/avr8/avr8-gnu-toolchain/bin/../lib/gcc/avr/5.4.0/../../../../avr/lib/avr5\libm.a(mulsf3.o)
 .data          0x00000000        0x0 c:/users/user/documents/embedded c/7.0/toolchain/avr8/avr8-gnu-toolchain/bin/../lib/gcc/avr/5.4.0/../../../../avr/lib/avr5\libm.a(mulsf3.o)
 .bss           0x00000000        0x0 c:/users/user/documents/embedded c/7.0/toolchain/avr8/avr8-gnu-toolchain/bin/../lib/gcc/avr/5.4.0/../../../../avr/lib/avr5\libm.a(mulsf3.o)
 .text          0x00000000        0x0 c:/users/user/documents/embedded c/7.0/toolchain/avr8/avr8-gnu-toolchain/bin/../lib/gcc/avr/5.4.0/../../../../avr/lib/avr5\libm.a(mulsf3x.o)
 .data          0x00000000        0x0 c:/users/user/documents/embedded c/7.0/toolchain/avr8/avr8-gnu-toolchain/bin/../lib/gcc/avr/5.4.0/../../../../avr/lib/avr5\libm.a(mulsf3x.o)
 .bss           0x00000000        0x0 c:/users/user/documents/embedded c/7.0/toolchain/avr8/avr8-gnu-toolchain/bin/../lib/gcc/avr/5.4.0/../../../../avr/lib/avr5\libm.a(mulsf3x.o)
 .text          0x00000000        0x0 c:/users/user/documents/embedded c/7.0/toolchain/avr8/avr8-gnu-toolchain/bin/../lib/gcc/avr/5.4.0/avr5\libgcc.a(_exit.o)
 .data          0x00000000        0x0 c:/users/user/documents/embedded c/7.0/toolchain/avr8/avr8-gnu-toolchain/bin/../lib/gcc/avr/5.4.0/avr5\libgcc.a(_exit.o)
 .bss           0x00000000        0x0 c:/users/user/documents/embedded c/7.0/toolchain/avr8/avr8-gnu-toolchain/bin/../lib/gcc/avr/5.4.0/avr5\libgcc.a(_exit.o)
 .text.libgcc.mul
                0x00000000        0x0 c:/users/user/documents/embedded c/7.0/toolchain/avr8/avr8-gnu-toolchain/bin/../lib/gcc/avr/5.4.0/avr5\libgcc.a(_exit.o)
 .text.libgcc.div
                0x00000000        0x0 c:/users/user/documents/embedded c/7.0/toolchain/avr8/avr8-gnu-toolchain/bin/../lib/gcc/avr/5.4.0/avr5\libgcc.a(_exit.o)
 .text.libgcc   0x00000000        0x0 c:/users/user/documents/embedded c/7.0/toolchain/avr8/avr8-gnu-toolchain/bin/../lib/gcc/avr/5.4.0/avr5\libgcc.a(_exit.o)
 .text.libgcc.prologue
                0x00000000        0x0 c:/users/user/documents/embedded c/7.0/toolchain/avr8/avr8-gnu-toolchain/bin/../lib/gcc/avr/5.4.0/avr5\libgcc.a(_exit.o)
 .text.libgcc.builtins
                0x00000000        0x0 c:/users/user/documents/embedded c/7.0/toolchain/avr8/avr8-gnu-toolchain/bin/../lib/gcc/avr/5.4.0/avr5\libgcc.a(_exit.o)
 .text.libgcc.fmul
                0x00000000        0x0 c:/users/user/documents/embedded c/7.0/toolchain/avr8/avr8-gnu-toolchain/bin/../lib/gcc/avr/5.4.0/avr5\libgcc.a(_exit.o)
 .text.libgcc.fixed
                0x00000000        0x0 c:/users/user/documents/embedded c/7.0/toolchain/avr8/avr8-gnu-toolchain/bin/../lib/gcc/avr/5.4.0/avr5\libgcc.a(_exit.o)
 .text          0x00000000        0x0 c:/users/user/documents/embedded c/7.0/toolchain/avr8/avr8-gnu-toolchain/bin/../lib/gcc/avr/5.4.0/avr5\libgcc.a(_copy_data.o)
 .data          0x00000000        0x0 c:/users/user/documents/embedded c/7.0/toolchain/avr8/avr8-gnu-toolchain/bin/../lib/gcc/avr/5.4.0/avr5\libgcc.a(_copy_data.o)
 .bss           0x00000000        0x0 c:/users/user/documents/embedded c/7.0/toolchain/avr8/avr8-gnu-toolchain/bin/../lib/gcc/avr/5.4.0/avr5\libgcc.a(_copy_data.o)
 .text.libgcc.mul
                0x00000000        0x0 c:/users/user/documents/embedded c/7.0/toolchain/avr8/avr8-gnu-toolchain/bin/../lib/gcc/avr/5.4.0/avr5\libgcc.a(_copy_data.o)
 .text.libgcc.div
                0x00000000        0x0 c:/users/user/documents/embedded c/7.0/toolchain/avr8/avr8-gnu-toolchain/bin/../lib/gcc/avr/5.4.0/avr5\libgcc.a(_copy_data.o)
 .text.libgcc   0x00000000        0x0 c:/users/user/documents/embedded c/7.0/toolchain/avr8/avr8-gnu-toolchain/bin/../lib/gcc/avr/5.4.0/avr5\libgcc.a(_copy_data.o)
 .text.libgcc.prologue
                0x00000000        0x0 c:/users/user/documents/embedded c/7.0/toolchain/avr8/avr8-gnu-toolchain/bin/../lib/gcc/avr/5.4.0/avr5\libgcc.a(_copy_data.o)
 .text.libgcc.builtins
                0x00000000        0x0 c:/users/user/documents/embedded c/7.0/toolchain/avr8/avr8-gnu-toolchain/bin/../lib/gcc/avr/5.4.0/avr5\libgcc.a(_copy_data.o)
 .text.libgcc.fmul
                0x00000000        0x0 c:/users/user/documents/embedded c/7.0/toolchain/avr8/avr8-gnu-toolchain/bin/../lib/gcc/avr/5.4.0/avr5\libgcc.a(_copy_data.o)
 .text.libgcc.fixed
                0x00000000        0x0 c:/users/user/documents/embedded c/7.0/toolchain/avr8/avr8-gnu-toolchain/bin/../lib/gcc/avr/5.4.0/avr5\libgcc.a(_copy_data.o)
 .text          0x00000000        0x0 c:/users/user/documents/embedded c/7.0/toolchain/avr8/avr8-gnu-toolchain/bin/../lib/gcc/avr/5.4.0/avr5\libgcc.a(_clear_bss.o)
 .data          0x00000000        0x0 c:/users/user/documents/embedded c/7.0/toolchain/avr8/avr8-gnu-toolchain/bin/../lib/gcc/avr/5.4.0/avr5\libgcc.a(_clear_bss.o)
 .bss           0x00000000        0x0 c:/users/user/documents/embedded c/7.0/toolchain/avr8/avr8-gnu-toolchain/bin/../lib/gcc/avr/5.4.0/avr5\libgcc.a(_clear_bss.o)
 .text.libgcc.mul
                0x00000000        0x0 c:/users/user/documents/embedded c/7.0/toolchain/avr8/avr8-gnu-toolchain/bin/../lib/gcc/avr/5.4.0/avr5\libgcc.a(_clear_bss.o)
 .text.libgcc.div
                0x00000000        0x0 c:/users/user/documents/embedded c/7.0/toolchain/avr8/avr8-gnu-toolchain/bin/../lib/gcc/avr/5.4.0/avr5\libgcc.a(_clear_bss.o)
 .text.libgcc   0x00000000        0x0 c:/users/user/documents/embedded c/7.0/toolchain/avr8/avr8-gnu-toolchain/bin/../lib/gcc/avr/5.4.0/avr5\libgcc.a(_clear_bss.o)
 .text.libgcc.prologue
                0x00000000        0x0 c:/users/user/documents/embedded c/7.0/toolchain/avr8/avr8-gnu-toolchain/bin/../lib/gcc/avr/5.4.0/avr5\libgcc.a(_clear_bss.o)
 .text.libgcc.builtins
                0x00000000        0x0 c:/users/user/documents/embedded c/7.0/toolchain/avr8/avr8-gnu-toolchain/bin/../lib/gcc/avr/5.4.0/avr5\libgcc.a(_clear_bss.o)
 .text.libgcc.fmul
                0x00000000        0x0 c:/users/user/documents/embedded c/7.0/toolchain/avr8/avr8-gnu-toolchain/bin/../lib/gcc/avr/5.4.0/avr5\libgcc.a(_clear_bss.o)
 .text.libgcc.fixed
                0x00000000        0x0 c:/users/user/documents/embedded c/7.0/toolchain/avr8/avr8-gnu-toolchain/bin/../lib/gcc/avr/5.4.0/avr5\libgcc.a(_clear_bss.o)

Memory Configuration

Name             Origin             Length             Attributes
text             0x00000000         0x00008000         xr
data             0x00800060         0x00000800         rw !x
eeprom           0x00810000         0x00000400         rw !x
fuse             0x00820000         0x00000002         rw !x
lock             0x00830000         0x00000400         rw !x
signature        0x00840000         0x00000400         rw !x
user_signatures  0x00850000         0x00000400         rw !x
*default*        0x00000000         0xffffffff

Linker script and memory map

LOAD C:/Users/User/Documents/embedded C/7.0/Packs/atmel/ATmega_DFP/1.7.374/gcc/dev/atmega32/avr5/crtatmega32.o
LOAD Adc/Adc.o
LOAD Adc/AdcCfg.o
LOAD Control/Control.o
LOAD Control/ControlCfg.o
LOAD main.o
LOAD Rtc/Rtc.o
LOAD Rtc/RtcCfg.o
LOAD SevSeg/SevSeg.o
LOAD SevSeg/SevSegCfg.o
LOAD Timer/StatuError.o
LOAD Timer/TimerCfg.o
LOAD Timer/TimerSw.o
LOAD Timer/TimerSwBase.o
START GROUP
LOAD c:/users/user/documents/embedded c/7.0/toolchain/avr8/avr8-gnu-toolchain/bin/../lib/gcc/avr/5.4.0/../../../../avr/lib/avr5\libm.a
END GROUP
START GROUP
LOAD c:/users/user/documents/embedded c/7.0/toolchain/avr8/avr8-gnu-toolchain/bin/../lib/gcc/avr/5.4.0/avr5\libgcc.a
LOAD c:/users/user/documents/embedded c/7.0/toolchain/avr8/avr8-gnu-toolchain/bin/../lib/gcc/avr/5.4.0/../../../../avr/lib/avr5\libm.a
LOAD c:/users/user/documents/embedded c/7.0/toolchain/avr8/avr8-gnu-toolchain/bin/../lib/gcc/avr/5.4.0/../../../../avr/lib/avr5\libc.a
LOAD C:/Users/User/Documents/embedded C/7.0/Packs/atmel/ATmega_DFP/1.7.374/gcc/dev/atmega32/avr5\libatmega32.a
END GROUP
                0x00000000                __TEXT_REGION_ORIGIN__ = DEFINED (__TEXT_REGION_ORIGIN__)?__TEXT_REGION_ORIGIN__:0x0
                [0x00800060]                __DATA_REGION_ORIGIN__ = DEFINED (__DATA_REGION_ORIGIN__)?__DATA_REGION_ORIGIN__:0x800060
                [0x00008000]                __TEXT_REGION_LENGTH__ = DEFINED (__TEXT_REGION_LENGTH__)?__TEXT_REGION_LENGTH__:0x20000
                [0x00000800]                __DATA_REGION_LENGTH__ = DEFINED (__DATA_REGION_LENGTH__)?__DATA_REGION_LENGTH__:0xffa0
                [0x00000400]                __EEPROM_REGION_LENGTH__ = DEFINED (__EEPROM_REGION_LENGTH__)?__EEPROM_REGION_LENGTH__:0x10000
                [0x00000002]                __FUSE_REGION_LENGTH__ = DEFINED (__FUSE_REGION_LENGTH__)?__FUSE_REGION_LENGTH__:0x400
                0x00000400                __LOCK_REGION_LENGTH__ = DEFINED (__LOCK_REGION_LENGTH__)?__LOCK_REGION_LENGTH__:0x400
                0x00000400                __SIGNATURE_REGION_LENGTH__ = DEFINED (__SIGNATURE_REGION_LENGTH__)?__SIGNATURE_REGION_LENGTH__:0x400
                0x00000400                __USER_SIGNATURE_REGION_LENGTH__ = DEFINED (__USER_SIGNATURE_REGION_LENGTH__)?__USER_SIGNATURE_REGION_LENGTH__:0x400

.hash
 *(.hash)

.dynsym
 *(.dynsym)

.dynstr
 *(.dynstr)

.gnu.version
 *(.gnu.version)

.gnu.version_d
 *(.gnu.version_d)

.gnu.version_r
 *(.gnu.version_r)

.rel.init
 *(.rel.init)

.rela.init
 *(.rela.init)

.rel.text
 *(.rel.text)
 *(.rel.text.*)
 *(.rel.gnu.linkonce.t*)

.rela.text
 *(.rela.text)
 *(.rela.text.*)
 *(.rela.gnu.linkonce.t*)

.rel.fini
 *(.rel.fini)

.rela.fini
 *(.rela.fini)

.rel.rodata
 *(.rel.rodata)
 *(.rel.rodata.*)
 *(.rel.gnu.linkonce.r*)

.rela.rodata
 *(.rela.rodata)
 *(.rela.rodata.*)
 *(.rela.gnu.linkonce.r*)

.rel.data
 *(.rel.data)
 *(.rel.data.*)
 *(.rel.gnu.linkonce.d*)

.rela.data
 *(.rela.data)
 *(.rela.data.*)
 *(.rela.gnu.linkonce.d*)

.rel.ctors
 *(.rel.ctors)

.rela.ctors
 *(.rela.ctors)

.rel.dtors
 *(.rel.dtors)

.rela.dtors
 *(.rela.dtors)

.rel.got
 *(.rel.got)

.rela.got
 *(.rela.got)

.rel.bss
 *(.rel.bss)

.rela.bss
 *(.rela.bss)

.rel.plt
 *(.rel.plt)

.rela.plt
 *(.rela.plt)

.text           0x00000000      0xec6
 *(.vectors)
 .vectors       0x00000000       0x54 C:/Users/User/Documents/embedded C/7.0/Packs/atmel/ATmega_DFP/1.7.374/gcc/dev/atmega32/avr5/crtatmega32.o
                0x00000000                __vector_default
                0x00000000                __vectors
 *(.vectors)
 *(.progmem.gcc*)
                0x00000054                . = ALIGN (0x2)
                0x00000054                __trampolines_start = .
 *(.trampolines)
 .trampolines   0x00000054        0x0 linker stubs
 *(.trampolines*)
                0x00000054                __trampolines_end = .
 *libprintf_flt.a:*(.progmem.data)
 *libc.a:*(.progmem.data)
 *(.progmem*)
                0x00000054                . = ALIGN (0x2)
 *(.jumptables)
 *(.jumptables*)
 *(.lowtext)
 *(.lowtext*)
                0x00000054                __ctors_start = .
 *(.ctors)
                0x00000054                __ctors_end = .
                0x00000054                __dtors_start = .
 *(.dtors)
                0x00000054                __dtors_end = .
 SORT(*)(.ctors)
 SORT(*)(.dtors)
 *(.init0)
 .init0         0x00000054        0x0 C:/Users/User/Documents/embedded C/7.0/Packs/atmel/ATmega_DFP/1.7.374/gcc/dev/atmega32/avr5/crtatmega32.o
                0x00000054                __init
 *(.init0)
 *(.init1)
 *(.init1)
 *(.init2)
 .init2         0x00000054        0xc C:/Users/User/Documents/embedded C/7.0/Packs/atmel/ATmega_DFP/1.7.374/gcc/dev/atmega32/avr5/crtatmega32.o
 *(.init2)
 *(.init3)
 *(.init3)
 *(.init4)
 .init4         0x00000060       0x16 c:/users/user/documents/embedded c/7.0/toolchain/avr8/avr8-gnu-toolchain/bin/../lib/gcc/avr/5.4.0/avr5\libgcc.a(_copy_data.o)
                0x00000060                __do_copy_data
 .init4         0x00000076       0x10 c:/users/user/documents/embedded c/7.0/toolchain/avr8/avr8-gnu-toolchain/bin/../lib/gcc/avr/5.4.0/avr5\libgcc.a(_clear_bss.o)
                0x00000076                __do_clear_bss
 *(.init4)
 *(.init5)
 *(.init5)
 *(.init6)
 *(.init6)
 *(.init7)
 *(.init7)
 *(.init8)
 *(.init8)
 *(.init9)
 .init9         0x00000086        0x8 C:/Users/User/Documents/embedded C/7.0/Packs/atmel/ATmega_DFP/1.7.374/gcc/dev/atmega32/avr5/crtatmega32.o
 *(.init9)
 *(.text)
 .text          0x0000008e        0x4 C:/Users/User/Documents/embedded C/7.0/Packs/atmel/ATmega_DFP/1.7.374/gcc/dev/atmega32/avr5/crtatmega32.o
                0x0000008e                __vector_1
                0x0000008e                __vector_12
                0x0000008e                __bad_interrupt
                0x0000008e                __vector_6
                0x0000008e                __vector_3
                0x0000008e                __vector_11
                0x0000008e                __vector_13
                0x0000008e                __vector_17
                0x0000008e                __vector_19
                0x0000008e                __vector_7
                0x0000008e                __vector_5
                0x0000008e                __vector_4
                0x0000008e                __vector_2
                0x0000008e                __vector_15
                0x0000008e                __vector_8
                0x0000008e                __vector_14
                0x0000008e                __vector_10
                0x0000008e                __vector_18
                0x0000008e                __vector_20
                0x00000092                . = ALIGN (0x2)
 *(.text.*)
 .text.ControlInit
                0x00000092       0x12 Control/Control.o
                0x00000092                ControlInit
 .text.ControlRoutine
                0x000000a4      0x10e Control/Control.o
                0x000000a4                ControlRoutine
 .text.ControlCfgInitAndGet
                0x000001b2       0xda Control/ControlCfg.o
                0x000001b2                ControlCfgInitAndGet
 .text.ControlCfgAllLedsOff
                0x0000028c       0x36 Control/ControlCfg.o
                0x0000028c                ControlCfgAllLedsOff
 .text.__vector_16
                0x000002c2       0x60 main.o
                0x000002c2                __vector_16
 .text.AdcInit  0x00000322       0x26 main.o
                0x00000322                AdcInit
 .text.main     0x00000348       0xc2 main.o
                0x00000348                main
 .text.FloatToBuff
                0x0000040a      0x284 SevSeg/SevSeg.o
 .text.SevSegInit
                0x0000068e       0x3e SevSeg/SevSeg.o
                0x0000068e                SevSegInit
 .text.SevSegRutine
                0x000006cc       0x50 SevSeg/SevSeg.o
                0x000006cc                SevSegRutine
 .text.SevSegSetFloatVal
                0x0000071c        0xc SevSeg/SevSeg.o
                0x0000071c                SevSegSetFloatVal
 .text.SevSegCfgInitAndGet
                0x00000728       0x3c SevSeg/SevSegCfg.o
                0x00000728                SevSegCfgInitAndGet
 .text.SevSegCfgAllDigitsOff
                0x00000764       0x1a SevSeg/SevSegCfg.o
                0x00000764                SevSegCfgAllDigitsOff
 .text.SevSegCfgSetDigitValue
                0x0000077e        0x6 SevSeg/SevSegCfg.o
                0x0000077e                SevSegCfgSetDigitValue
 .text.SevSegCfgDigitOn
                0x00000784       0x26 SevSeg/SevSegCfg.o
                0x00000784                SevSegCfgDigitOn
 .text.__vector_9
                0x000007aa       0x52 Timer/TimerCfg.o
                0x000007aa                __vector_9
 .text.TimerInitCfg
                0x000007fc       0x20 Timer/TimerCfg.o
                0x000007fc                TimerInitCfg
 .text.TimerEnableCfg
                0x0000081c       0x12 Timer/TimerCfg.o
                0x0000081c                TimerEnableCfg
 .text.TimerGetIntervalPointerCfg
                0x0000082e        0x6 Timer/TimerCfg.o
                0x0000082e                TimerGetIntervalPointerCfg
 .text.s_IsValidHandle
                0x00000834       0x18 Timer/TimerSw.o
 .text.s_IsValidAndActiveHandle
                0x0000084c       0x20 Timer/TimerSw.o
 .text.s_Init   0x0000086c       0x28 Timer/TimerSw.o
 .text.s_Startup
                0x00000894       0x3a Timer/TimerSw.o
 .text.s_GetTimerStateProp
                0x000008ce       0xee Timer/TimerSw.o
 .text.TimerSwInit
                0x000009bc       0x18 Timer/TimerSw.o
                0x000009bc                TimerSwInit
 .text.TimerSwStartup
                0x000009d4       0x32 Timer/TimerSw.o
                0x000009d4                TimerSwStartup
 .text.TimerSwIsExpired
                0x00000a06       0x22 Timer/TimerSw.o
                0x00000a06                TimerSwIsExpired
 .text.TimerSwBasePassed
                0x00000a28       0x1e Timer/TimerSwBase.o
                0x00000a28                TimerSwBasePassed
 .text.avr-libc.fplib
                0x00000a46        0xe c:/users/user/documents/embedded c/7.0/toolchain/avr8/avr8-gnu-toolchain/bin/../lib/gcc/avr/5.4.0/../../../../avr/lib/avr5\libm.a(addsf3.o)
                0x00000a46                __subsf3
                0x00000a48                __addsf3
 .text.avr-libc.fplib
                0x00000a54       0xcc c:/users/user/documents/embedded c/7.0/toolchain/avr8/avr8-gnu-toolchain/bin/../lib/gcc/avr/5.4.0/../../../../avr/lib/avr5\libm.a(addsf3x.o)
                0x00000a76                __addsf3x
 .text.avr-libc.fplib
                0x00000b20        0xa c:/users/user/documents/embedded c/7.0/toolchain/avr8/avr8-gnu-toolchain/bin/../lib/gcc/avr/5.4.0/../../../../avr/lib/avr5\libm.a(cmpsf2.o)
                0x00000b20                __nesf2
                0x00000b20                __eqsf2
                0x00000b20                __cmpsf2
                0x00000b20                __ltsf2
                0x00000b20                __lesf2
 .text.avr-libc.fplib
                0x00000b2a        0x8 c:/users/user/documents/embedded c/7.0/toolchain/avr8/avr8-gnu-toolchain/bin/../lib/gcc/avr/5.4.0/../../../../avr/lib/avr5\libm.a(divsf3.o)
                0x00000b2a                __divsf3
 .text.avr-libc.fplib
                0x00000b32       0xdc c:/users/user/documents/embedded c/7.0/toolchain/avr8/avr8-gnu-toolchain/bin/../lib/gcc/avr/5.4.0/../../../../avr/lib/avr5\libm.a(divsf3x.o)
                0x00000b52                __divsf3x
                0x00000b58                __divsf3_pse
 .text.avr-libc.fplib
                0x00000c0e        0xe c:/users/user/documents/embedded c/7.0/toolchain/avr8/avr8-gnu-toolchain/bin/../lib/gcc/avr/5.4.0/../../../../avr/lib/avr5\libm.a(fixsfsi.o)
                0x00000c0e                __fixsfsi
 .text.avr-libc.fplib
                0x00000c1c       0x5e c:/users/user/documents/embedded c/7.0/toolchain/avr8/avr8-gnu-toolchain/bin/../lib/gcc/avr/5.4.0/../../../../avr/lib/avr5\libm.a(fixunssfsi.o)
                0x00000c1c                __fixunssfsi
 .text.avr-libc.fplib
                0x00000c7a       0x7a c:/users/user/documents/embedded c/7.0/toolchain/avr8/avr8-gnu-toolchain/bin/../lib/gcc/avr/5.4.0/../../../../avr/lib/avr5\libm.a(floatsisf.o)
                0x00000c7a                __floatunsisf
                0x00000c7e                __floatsisf
 .text.avr-libc.fplib
                0x00000cf4       0x48 c:/users/user/documents/embedded c/7.0/toolchain/avr8/avr8-gnu-toolchain/bin/../lib/gcc/avr/5.4.0/../../../../avr/lib/avr5\libm.a(fp_cmp.o)
                0x00000cf4                __fp_cmp
 .text.avr-libc.fplib
                0x00000d3c        0xc c:/users/user/documents/embedded c/7.0/toolchain/avr8/avr8-gnu-toolchain/bin/../lib/gcc/avr/5.4.0/../../../../avr/lib/avr5\libm.a(fp_inf.o)
                0x00000d3c                __fp_inf
 .text.avr-libc.fplib
                0x00000d48        0x6 c:/users/user/documents/embedded c/7.0/toolchain/avr8/avr8-gnu-toolchain/bin/../lib/gcc/avr/5.4.0/../../../../avr/lib/avr5\libm.a(fp_nan.o)
                0x00000d48                __fp_nan
 .text.avr-libc.fplib
                0x00000d4e        0xe c:/users/user/documents/embedded c/7.0/toolchain/avr8/avr8-gnu-toolchain/bin/../lib/gcc/avr/5.4.0/../../../../avr/lib/avr5\libm.a(fp_pscA.o)
                0x00000d4e                __fp_pscA
 .text.avr-libc.fplib
                0x00000d5c        0xe c:/users/user/documents/embedded c/7.0/toolchain/avr8/avr8-gnu-toolchain/bin/../lib/gcc/avr/5.4.0/../../../../avr/lib/avr5\libm.a(fp_pscB.o)
                0x00000d5c                __fp_pscB
 .text.avr-libc.fplib
                0x00000d6a       0x22 c:/users/user/documents/embedded c/7.0/toolchain/avr8/avr8-gnu-toolchain/bin/../lib/gcc/avr/5.4.0/../../../../avr/lib/avr5\libm.a(fp_round.o)
                0x00000d6a                __fp_round
 .text.avr-libc.fplib
                0x00000d8c       0x44 c:/users/user/documents/embedded c/7.0/toolchain/avr8/avr8-gnu-toolchain/bin/../lib/gcc/avr/5.4.0/../../../../avr/lib/avr5\libm.a(fp_split3.o)
                0x00000d8c                __fp_split3
                0x00000d9c                __fp_splitA
 .text.avr-libc.fplib
                0x00000dd0        0xe c:/users/user/documents/embedded c/7.0/toolchain/avr8/avr8-gnu-toolchain/bin/../lib/gcc/avr/5.4.0/../../../../avr/lib/avr5\libm.a(fp_zero.o)
                0x00000dd0                __fp_zero
                0x00000dd2                __fp_szero
 .text.avr-libc.fplib
                0x00000dde        0xa c:/users/user/documents/embedded c/7.0/toolchain/avr8/avr8-gnu-toolchain/bin/../lib/gcc/avr/5.4.0/../../../../avr/lib/avr5\libm.a(gesf2.o)
                0x00000dde                __gesf2
                0x00000dde                __gtsf2
 .text.avr-libc.fplib
                0x00000de8        0x8 c:/users/user/documents/embedded c/7.0/toolchain/avr8/avr8-gnu-toolchain/bin/../lib/gcc/avr/5.4.0/../../../../avr/lib/avr5\libm.a(mulsf3.o)
                0x00000de8                __mulsf3
 .text.avr-libc.fplib
                0x00000df0       0xd2 c:/users/user/documents/embedded c/7.0/toolchain/avr8/avr8-gnu-toolchain/bin/../lib/gcc/avr/5.4.0/../../../../avr/lib/avr5\libm.a(mulsf3x.o)
                0x00000e0e                __mulsf3x
                0x00000e14                __mulsf3_pse
                0x00000ec2                . = ALIGN (0x2)
 *(.fini9)
 .fini9         0x00000ec2        0x0 c:/users/user/documents/embedded c/7.0/toolchain/avr8/avr8-gnu-toolchain/bin/../lib/gcc/avr/5.4.0/avr5\libgcc.a(_exit.o)
                0x00000ec2                _exit
                0x00000ec2                exit
 *(.fini9)
 *(.fini8)
 *(.fini8)
 *(.fini7)
 *(.fini7)
 *(.fini6)
 *(.fini6)
 *(.fini5)
 *(.fini5)
 *(.fini4)
 *(.fini4)
 *(.fini3)
 *(.fini3)
 *(.fini2)
 *(.fini2)
 *(.fini1)
 *(.fini1)
 *(.fini0)
 .fini0         0x00000ec2        0x4 c:/users/user/documents/embedded c/7.0/toolchain/avr8/avr8-gnu-toolchain/bin/../lib/gcc/avr/5.4.0/avr5\libgcc.a(_exit.o)
 *(.fini0)
                0x00000ec6                _etext = .

.data           0x00800060       0x12 load address 0x00000ec6
                0x00800060                PROVIDE (__data_start, .)
 *(.data)
 *(.data*)
 .data.a        0x00800060        0x4 main.o
                0x00800060                a
 .data.currentTime
                0x00800064        0x2 main.o
                0x00800064                currentTime
 .data.segCode  0x00800066        0xc SevSeg/SevSeg.o
                0x00800066                segCode
 *(.gnu.linkonce.d*)
 *(.rodata)
 *(.rodata*)
 *(.gnu.linkonce.r*)
                0x00800072                . = ALIGN (0x2)
                0x00800072                _edata = .
                0x00800072                PROVIDE (__data_end, .)

.bss            0x00800072       0x64
                0x00800072                PROVIDE (__bss_start, .)
 *(.bss)
 *(.bss*)
 .bss.counter   0x00800072        0xe Control/Control.o
 .bss.buttonState
                0x00800080        0x7 Control/Control.o
                0x00800080                buttonState
 .bss.togglState
                0x00800087        0x7 Control/Control.o
                0x00800087                togglState
 .bss.controlHandleConfig
                0x0080008e        0x2 Control/Control.o
 .bss.controlHandleConfig
                0x00800090       0x14 Control/ControlCfg.o
 .bss.oldTime   0x008000a4        0x2 main.o
                0x008000a4                oldTime
 .bss.timerSwHandle
                0x008000a6       0x10 main.o
 .bss.digitCount
                0x008000b6        0x1 SevSeg/SevSeg.o
 .bss.disp7SegHandleConfig
                0x008000b7        0x7 SevSeg/SevSegCfg.o
 *(COMMON)
 COMMON         0x008000be       0x14 SevSeg/SevSeg.o
                0x008000be                digitsValue
                0x008000c2                timerSwHandle
 COMMON         0x008000d2        0x4 Timer/TimerCfg.o
                0x008000d2                timerSwInitParam
                0x008000d6                PROVIDE (__bss_end, .)
                0x00000ec6                __data_load_start = LOADADDR (.data)
                0x00000ed8                __data_load_end = (__data_load_start + SIZEOF (.data))

.noinit         0x008000d6        0x0
                [!provide]                PROVIDE (__noinit_start, .)
 *(.noinit*)
                [!provide]                PROVIDE (__noinit_end, .)
                0x008000d6                _end = .
                [!provide]                PROVIDE (__heap_start, .)

.eeprom         0x00810000        0x0
 *(.eeprom*)
                0x00810000                __eeprom_end = .

.fuse
 *(.fuse)
 *(.lfuse)
 *(.hfuse)
 *(.efuse)

.lock
 *(.lock*)

.signature
 *(.signature*)

.user_signatures
 *(.user_signatures*)

.stab
 *(.stab)

.stabstr
 *(.stabstr)

.stab.excl
 *(.stab.excl)

.stab.exclstr
 *(.stab.exclstr)

.stab.index
 *(.stab.index)

.stab.indexstr
 *(.stab.indexstr)

.comment        0x00000000       0x30
 *(.comment)
 .comment       0x00000000       0x30 Control/Control.o
                                 0x31 (size before relaxing)
 .comment       0x00000030       0x31 Control/ControlCfg.o
 .comment       0x00000030       0x31 main.o
 .comment       0x00000030       0x31 SevSeg/SevSeg.o
 .comment       0x00000030       0x31 SevSeg/SevSegCfg.o
 .comment       0x00000030       0x31 Timer/TimerCfg.o
 .comment       0x00000030       0x31 Timer/TimerSw.o
 .comment       0x00000030       0x31 Timer/TimerSwBase.o

.note.gnu.avr.deviceinfo
                0x00000000       0x3c
 .note.gnu.avr.deviceinfo
                0x00000000       0x3c C:/Users/User/Documents/embedded C/7.0/Packs/atmel/ATmega_DFP/1.7.374/gcc/dev/atmega32/avr5/crtatmega32.o

.note.gnu.build-id
 *(.note.gnu.build-id)

.debug
 *(.debug)

.line
 *(.line)

.debug_srcinfo
 *(.debug_srcinfo)

.debug_sfnames
 *(.debug_sfnames)

.debug_aranges  0x00000000      0x218
 *(.debug_aranges)
 .debug_aranges
                0x00000000       0x28 Control/Control.o
 .debug_aranges
                0x00000028       0x40 Control/ControlCfg.o
 .debug_aranges
                0x00000068       0x30 main.o
 .debug_aranges
                0x00000098       0x58 SevSeg/SevSeg.o
 .debug_aranges
                0x000000f0       0x38 SevSeg/SevSegCfg.o
 .debug_aranges
                0x00000128       0x38 Timer/TimerCfg.o
 .debug_aranges
                0x00000160       0x98 Timer/TimerSw.o
 .debug_aranges
                0x000001f8       0x20 Timer/TimerSwBase.o

.debug_pubnames
 *(.debug_pubnames)

.debug_info     0x00000000     0x207c
 *(.debug_info .gnu.linkonce.wi.*)
 .debug_info    0x00000000      0x4e6 C:/Users/User/Documents/embedded C/7.0/Packs/atmel/ATmega_DFP/1.7.374/gcc/dev/atmega32/avr5/crtatmega32.o
 .debug_info    0x000004e6      0x25e Control/Control.o
 .debug_info    0x00000744      0x249 Control/ControlCfg.o
 .debug_info    0x0000098d      0x46c main.o
 .debug_info    0x00000df9      0x6f0 SevSeg/SevSeg.o
 .debug_info    0x000014e9      0x16b SevSeg/SevSegCfg.o
 .debug_info    0x00001654      0x145 Timer/TimerCfg.o
 .debug_info    0x00001799      0x81d Timer/TimerSw.o
 .debug_info    0x00001fb6       0xc6 Timer/TimerSwBase.o

.debug_abbrev   0x00000000      0xdaf
 *(.debug_abbrev)
 .debug_abbrev  0x00000000      0x4a3 C:/Users/User/Documents/embedded C/7.0/Packs/atmel/ATmega_DFP/1.7.374/gcc/dev/atmega32/avr5/crtatmega32.o
 .debug_abbrev  0x000004a3      0x111 Control/Control.o
 .debug_abbrev  0x000005b4       0xf6 Control/ControlCfg.o
 .debug_abbrev  0x000006aa      0x15e main.o
 .debug_abbrev  0x00000808      0x1d1 SevSeg/SevSeg.o
 .debug_abbrev  0x000009d9       0xda SevSeg/SevSegCfg.o
 .debug_abbrev  0x00000ab3       0xe0 Timer/TimerCfg.o
 .debug_abbrev  0x00000b93      0x1a4 Timer/TimerSw.o
 .debug_abbrev  0x00000d37       0x78 Timer/TimerSwBase.o

.debug_line     0x00000000     0x11cb
 *(.debug_line .debug_line.* .debug_line_end)
 .debug_line    0x00000000      0x116 C:/Users/User/Documents/embedded C/7.0/Packs/atmel/ATmega_DFP/1.7.374/gcc/dev/atmega32/avr5/crtatmega32.o
 .debug_line    0x00000116      0x156 Control/Control.o
 .debug_line    0x0000026c      0x22a Control/ControlCfg.o
 .debug_line    0x00000496      0x215 main.o
 .debug_line    0x000006ab      0x3b7 SevSeg/SevSeg.o
 .debug_line    0x00000a62      0x155 SevSeg/SevSegCfg.o
 .debug_line    0x00000bb7      0x131 Timer/TimerCfg.o
 .debug_line    0x00000ce8      0x416 Timer/TimerSw.o
 .debug_line    0x000010fe       0xcd Timer/TimerSwBase.o

.debug_frame    0x00000000      0x4cc
 *(.debug_frame)
 .debug_frame   0x00000000       0x40 Control/Control.o
 .debug_frame   0x00000040       0x64 Control/ControlCfg.o
 .debug_frame   0x000000a4       0x8c main.o
 .debug_frame   0x00000130       0xe4 SevSeg/SevSeg.o
 .debug_frame   0x00000214       0x54 SevSeg/SevSegCfg.o
 .debug_frame   0x00000268       0x74 Timer/TimerCfg.o
 .debug_frame   0x000002dc      0x1cc Timer/TimerSw.o
 .debug_frame   0x000004a8       0x24 Timer/TimerSwBase.o

.debug_str      0x00000000      0xb75
 *(.debug_str)
 .debug_str     0x00000000      0x196 C:/Users/User/Documents/embedded C/7.0/Packs/atmel/ATmega_DFP/1.7.374/gcc/dev/atmega32/avr5/crtatmega32.o
 .debug_str     0x00000196      0x282 Control/Control.o
                                0x2b6 (size before relaxing)
 .debug_str     0x00000418       0x59 Control/ControlCfg.o
                                0x24b (size before relaxing)
 .debug_str     0x00000471      0x371 main.o
                                0x4fe (size before relaxing)
 .debug_str     0x000007e2      0x1ac SevSeg/SevSeg.o
                                0x642 (size before relaxing)
 .debug_str     0x0000098e       0x1c SevSeg/SevSegCfg.o
                                0x217 (size before relaxing)
 .debug_str     0x000009aa       0x36 Timer/TimerCfg.o
                                0x1fb (size before relaxing)
 .debug_str     0x000009e0      0x16b Timer/TimerSw.o
                                0x561 (size before relaxing)
 .debug_str     0x00000b4b       0x2a Timer/TimerSwBase.o
                                0x19a (size before relaxing)

.debug_loc      0x00000000     0x1198
 *(.debug_loc)
 .debug_loc     0x00000000       0x4e Control/Control.o
 .debug_loc     0x0000004e       0xb2 Control/ControlCfg.o
 .debug_loc     0x00000100      0x101 main.o
 .debug_loc     0x00000201      0x532 SevSeg/SevSeg.o
 .debug_loc     0x00000733       0x42 SevSeg/SevSegCfg.o
 .debug_loc     0x00000775       0x9d Timer/TimerCfg.o
 .debug_loc     0x00000812      0x936 Timer/TimerSw.o
 .debug_loc     0x00001148       0x50 Timer/TimerSwBase.o

.debug_macinfo
 *(.debug_macinfo)

.debug_weaknames
 *(.debug_weaknames)

.debug_funcnames
 *(.debug_funcnames)

.debug_typenames
 *(.debug_typenames)

.debug_varnames
 *(.debug_varnames)

.debug_pubtypes
 *(.debug_pubtypes)

.debug_ranges   0x00000000      0x198
 *(.debug_ranges)
 .debug_ranges  0x00000000       0x18 Control/Control.o
 .debug_ranges  0x00000018       0x30 Control/ControlCfg.o
 .debug_ranges  0x00000048       0x20 main.o
 .debug_ranges  0x00000068       0x48 SevSeg/SevSeg.o
 .debug_ranges  0x000000b0       0x28 SevSeg/SevSegCfg.o
 .debug_ranges  0x000000d8       0x28 Timer/TimerCfg.o
 .debug_ranges  0x00000100       0x88 Timer/TimerSw.o
 .debug_ranges  0x00000188       0x10 Timer/TimerSwBase.o

.debug_macro
 *(.debug_macro)
OUTPUT(Clock_V1.elf elf32-avr)
LOAD linker stubs
