Archive member included to satisfy reference by file (symbol)

c:/users/user/documents/embedded c/7.0/toolchain/avr8/avr8-gnu-toolchain/bin/../lib/gcc/avr/5.4.0/../../../../avr/lib/avr5\libm.a(addsf3.o)
                              SevSeg/SevSeg.o (__subsf3)
c:/users/user/documents/embedded c/7.0/toolchain/avr8/avr8-gnu-toolchain/bin/../lib/gcc/avr/5.4.0/../../../../avr/lib/avr5\libm.a(addsf3x.o)
                              c:/users/user/documents/embedded c/7.0/toolchain/avr8/avr8-gnu-toolchain/bin/../lib/gcc/avr/5.4.0/../../../../avr/lib/avr5\libm.a(addsf3.o) (__addsf3x)
c:/users/user/documents/embedded c/7.0/toolchain/avr8/avr8-gnu-toolchain/bin/../lib/gcc/avr/5.4.0/../../../../avr/lib/avr5\libm.a(cmpsf2.o)
                              SevSeg/SevSeg.o (__ltsf2)
c:/users/user/documents/embedded c/7.0/toolchain/avr8/avr8-gnu-toolchain/bin/../lib/gcc/avr/5.4.0/../../../../avr/lib/avr5\libm.a(divsf3.o)
                              SevSeg/SevSeg.o (__divsf3)
c:/users/user/documents/embedded c/7.0/toolchain/avr8/avr8-gnu-toolchain/bin/../lib/gcc/avr/5.4.0/../../../../avr/lib/avr5\libm.a(divsf3x.o)
                              c:/users/user/documents/embedded c/7.0/toolchain/avr8/avr8-gnu-toolchain/bin/../lib/gcc/avr/5.4.0/../../../../avr/lib/avr5\libm.a(divsf3.o) (__divsf3x)
c:/users/user/documents/embedded c/7.0/toolchain/avr8/avr8-gnu-toolchain/bin/../lib/gcc/avr/5.4.0/../../../../avr/lib/avr5\libm.a(fixsfsi.o)
                              SevSeg/SevSeg.o (__fixsfsi)
c:/users/user/documents/embedded c/7.0/toolchain/avr8/avr8-gnu-toolchain/bin/../lib/gcc/avr/5.4.0/../../../../avr/lib/avr5\libm.a(fixunssfsi.o)
                              SevSeg/SevSeg.o (__fixunssfsi)
c:/users/user/documents/embedded c/7.0/toolchain/avr8/avr8-gnu-toolchain/bin/../lib/gcc/avr/5.4.0/../../../../avr/lib/avr5\libm.a(floatsisf.o)
                              SevSeg/SevSeg.o (__floatunsisf)
c:/users/user/documents/embedded c/7.0/toolchain/avr8/avr8-gnu-toolchain/bin/../lib/gcc/avr/5.4.0/../../../../avr/lib/avr5\libm.a(fp_cmp.o)
                              c:/users/user/documents/embedded c/7.0/toolchain/avr8/avr8-gnu-toolchain/bin/../lib/gcc/avr/5.4.0/../../../../avr/lib/avr5\libm.a(cmpsf2.o) (__fp_cmp)
c:/users/user/documents/embedded c/7.0/toolchain/avr8/avr8-gnu-toolchain/bin/../lib/gcc/avr/5.4.0/../../../../avr/lib/avr5\libm.a(fp_inf.o)
                              c:/users/user/documents/embedded c/7.0/toolchain/avr8/avr8-gnu-toolchain/bin/../lib/gcc/avr/5.4.0/../../../../avr/lib/avr5\libm.a(addsf3x.o) (__fp_inf)
c:/users/user/documents/embedded c/7.0/toolchain/avr8/avr8-gnu-toolchain/bin/../lib/gcc/avr/5.4.0/../../../../avr/lib/avr5\libm.a(fp_nan.o)
                              c:/users/user/documents/embedded c/7.0/toolchain/avr8/avr8-gnu-toolchain/bin/../lib/gcc/avr/5.4.0/../../../../avr/lib/avr5\libm.a(addsf3x.o) (__fp_nan)
c:/users/user/documents/embedded c/7.0/toolchain/avr8/avr8-gnu-toolchain/bin/../lib/gcc/avr/5.4.0/../../../../avr/lib/avr5\libm.a(fp_pscA.o)
                              c:/users/user/documents/embedded c/7.0/toolchain/avr8/avr8-gnu-toolchain/bin/../lib/gcc/avr/5.4.0/../../../../avr/lib/avr5\libm.a(addsf3x.o) (__fp_pscA)
c:/users/user/documents/embedded c/7.0/toolchain/avr8/avr8-gnu-toolchain/bin/../lib/gcc/avr/5.4.0/../../../../avr/lib/avr5\libm.a(fp_pscB.o)
                              c:/users/user/documents/embedded c/7.0/toolchain/avr8/avr8-gnu-toolchain/bin/../lib/gcc/avr/5.4.0/../../../../avr/lib/avr5\libm.a(addsf3x.o) (__fp_pscB)
c:/users/user/documents/embedded c/7.0/toolchain/avr8/avr8-gnu-toolchain/bin/../lib/gcc/avr/5.4.0/../../../../avr/lib/avr5\libm.a(fp_round.o)
                              c:/users/user/documents/embedded c/7.0/toolchain/avr8/avr8-gnu-toolchain/bin/../lib/gcc/avr/5.4.0/../../../../avr/lib/avr5\libm.a(addsf3.o) (__fp_round)
c:/users/user/documents/embedded c/7.0/toolchain/avr8/avr8-gnu-toolchain/bin/../lib/gcc/avr/5.4.0/../../../../avr/lib/avr5\libm.a(fp_split3.o)
                              c:/users/user/documents/embedded c/7.0/toolchain/avr8/avr8-gnu-toolchain/bin/../lib/gcc/avr/5.4.0/../../../../avr/lib/avr5\libm.a(addsf3x.o) (__fp_split3)
c:/users/user/documents/embedded c/7.0/toolchain/avr8/avr8-gnu-toolchain/bin/../lib/gcc/avr/5.4.0/../../../../avr/lib/avr5\libm.a(fp_zero.o)
                              c:/users/user/documents/embedded c/7.0/toolchain/avr8/avr8-gnu-toolchain/bin/../lib/gcc/avr/5.4.0/../../../../avr/lib/avr5\libm.a(addsf3x.o) (__fp_zero)
c:/users/user/documents/embedded c/7.0/toolchain/avr8/avr8-gnu-toolchain/bin/../lib/gcc/avr/5.4.0/../../../../avr/lib/avr5\libm.a(gesf2.o)
                              SevSeg/SevSeg.o (__gesf2)
c:/users/user/documents/embedded c/7.0/toolchain/avr8/avr8-gnu-toolchain/bin/../lib/gcc/avr/5.4.0/../../../../avr/lib/avr5\libm.a(mulsf3.o)
                              SevSeg/SevSeg.o (__mulsf3)
c:/users/user/documents/embedded c/7.0/toolchain/avr8/avr8-gnu-toolchain/bin/../lib/gcc/avr/5.4.0/../../../../avr/lib/avr5\libm.a(mulsf3x.o)
                              c:/users/user/documents/embedded c/7.0/toolchain/avr8/avr8-gnu-toolchain/bin/../lib/gcc/avr/5.4.0/../../../../avr/lib/avr5\libm.a(mulsf3.o) (__mulsf3x)
c:/users/user/documents/embedded c/7.0/toolchain/avr8/avr8-gnu-toolchain/bin/../lib/gcc/avr/5.4.0/avr5\libgcc.a(_exit.o)
                              C:/Users/User/Documents/embedded C/7.0/Packs/atmel/ATmega_DFP/1.7.374/gcc/dev/atmega32/avr5/crtatmega32.o (exit)
c:/users/user/documents/embedded c/7.0/toolchain/avr8/avr8-gnu-toolchain/bin/../lib/gcc/avr/5.4.0/avr5\libgcc.a(_copy_data.o)
                              Adc/Adc.o (__do_copy_data)
c:/users/user/documents/embedded c/7.0/toolchain/avr8/avr8-gnu-toolchain/bin/../lib/gcc/avr/5.4.0/avr5\libgcc.a(_clear_bss.o)
                              Adc/Adc.o (__do_clear_bss)

Allocating common symbols
Common symbol       size              file

digitsValue         0x4               SevSeg/SevSeg.o
timerSwInitParam    0x4               Timer/TimerCfg.o
timerSwHandle       0x10              SevSeg/SevSeg.o
buttonFunctionPtr   0x2               Button/Button.o

Discarded input sections

 .data          0x00000000        0x0 C:/Users/User/Documents/embedded C/7.0/Packs/atmel/ATmega_DFP/1.7.374/gcc/dev/atmega32/avr5/crtatmega32.o
 .bss           0x00000000        0x0 C:/Users/User/Documents/embedded C/7.0/Packs/atmel/ATmega_DFP/1.7.374/gcc/dev/atmega32/avr5/crtatmega32.o
 .text          0x00000000        0x0 Adc/Adc.o
 .data          0x00000000        0x0 Adc/Adc.o
 .bss           0x00000000        0x0 Adc/Adc.o
 .data.b        0x00000000        0x2 Adc/Adc.o
 .text          0x00000000        0x0 Adc/AdcCfg.o
 .data          0x00000000        0x0 Adc/AdcCfg.o
 .bss           0x00000000        0x0 Adc/AdcCfg.o
 .text.AdcDisable
                0x00000000        0x8 Adc/AdcCfg.o
 .text          0x00000000        0x0 Button/Button.o
 .data          0x00000000        0x0 Button/Button.o
 .bss           0x00000000        0x0 Button/Button.o
 .text          0x00000000        0x0 Led/Led.o
 .data          0x00000000        0x0 Led/Led.o
 .bss           0x00000000        0x0 Led/Led.o
 .text.LedAllOn
                0x00000000       0x30 Led/Led.o
 .text.LedAllToggle
                0x00000000       0x2e Led/Led.o
 .text.LedOn    0x00000000       0x22 Led/Led.o
 .text.LedOff   0x00000000       0x20 Led/Led.o
 .text          0x00000000        0x0 main.o
 .data          0x00000000        0x0 main.o
 .bss           0x00000000        0x0 main.o
 .text          0x00000000        0x0 Rtc/Rtc.o
 .data          0x00000000        0x0 Rtc/Rtc.o
 .bss           0x00000000        0x0 Rtc/Rtc.o
 .text.test     0x00000000        0x2 Rtc/Rtc.o
 .debug_info    0x00000000       0x3f Rtc/Rtc.o
 .debug_abbrev  0x00000000       0x2c Rtc/Rtc.o
 .debug_aranges
                0x00000000       0x20 Rtc/Rtc.o
 .debug_ranges  0x00000000       0x10 Rtc/Rtc.o
 .debug_line    0x00000000       0x38 Rtc/Rtc.o
 .debug_str     0x00000000       0xed Rtc/Rtc.o
 .comment       0x00000000       0x31 Rtc/Rtc.o
 .debug_frame   0x00000000       0x24 Rtc/Rtc.o
 .text          0x00000000        0x0 Rtc/RtcCfg.o
 .data          0x00000000        0x0 Rtc/RtcCfg.o
 .bss           0x00000000        0x0 Rtc/RtcCfg.o
 .debug_line    0x00000000        0x0 Rtc/RtcCfg.o
 .debug_str     0x00000000       0xeb Rtc/RtcCfg.o
 .comment       0x00000000       0x31 Rtc/RtcCfg.o
 .text          0x00000000        0x0 SevSeg/SevSeg.o
 .data          0x00000000        0x0 SevSeg/SevSeg.o
 .bss           0x00000000        0x0 SevSeg/SevSeg.o
 .text.TimeToBuff
                0x00000000       0x94 SevSeg/SevSeg.o
 .text.SevSegSetTimeVal
                0x00000000        0xc SevSeg/SevSeg.o
 .text.SevSegSetByDigit
                0x00000000       0x32 SevSeg/SevSeg.o
 .text.SevSegSetByDigitCostum
                0x00000000       0x16 SevSeg/SevSeg.o
 .text          0x00000000        0x0 SevSeg/SevSegCfg.o
 .data          0x00000000        0x0 SevSeg/SevSegCfg.o
 .bss           0x00000000        0x0 SevSeg/SevSegCfg.o
 .text          0x00000000        0x0 Timer/StatuError.o
 .data          0x00000000        0x0 Timer/StatuError.o
 .bss           0x00000000        0x0 Timer/StatuError.o
 .rodata.str1.1
                0x00000000      0x21b Timer/StatuError.o
 .text.StatusErrorToString
                0x00000000       0x1c Timer/StatuError.o
 .rodata.s_StatusErrorToString
                0x00000000       0x3c Timer/StatuError.o
 .debug_info    0x00000000      0x18c Timer/StatuError.o
 .debug_abbrev  0x00000000       0xa2 Timer/StatuError.o
 .debug_loc     0x00000000       0x3a Timer/StatuError.o
 .debug_aranges
                0x00000000       0x20 Timer/StatuError.o
 .debug_ranges  0x00000000       0x10 Timer/StatuError.o
 .debug_line    0x00000000       0x6b Timer/StatuError.o
 .debug_str     0x00000000      0x375 Timer/StatuError.o
 .comment       0x00000000       0x31 Timer/StatuError.o
 .debug_frame   0x00000000       0x24 Timer/StatuError.o
 .text          0x00000000        0x0 Timer/TimerCfg.o
 .data          0x00000000        0x0 Timer/TimerCfg.o
 .bss           0x00000000        0x0 Timer/TimerCfg.o
 .text          0x00000000        0x0 Timer/TimerSw.o
 .data          0x00000000        0x0 Timer/TimerSw.o
 .bss           0x00000000        0x0 Timer/TimerSw.o
 .text.s_Shutdown
                0x00000000       0x12 Timer/TimerSw.o
 .text.s_IsActive
                0x00000000       0x10 Timer/TimerSw.o
 .text.TimerSwGetInitParam
                0x00000000        0x4 Timer/TimerSw.o
 .text.TimerSwRelease
                0x00000000       0x20 Timer/TimerSw.o
 .text.TimerSwShutdown
                0x00000000       0x1a Timer/TimerSw.o
 .text.TimerSwIsActive
                0x00000000       0x1a Timer/TimerSw.o
 .text.TimerSwRemaining
                0x00000000       0x34 Timer/TimerSw.o
 .text.TimerSwPassed
                0x00000000       0x34 Timer/TimerSw.o
 .text          0x00000000        0x0 Timer/TimerSwBase.o
 .data          0x00000000        0x0 Timer/TimerSwBase.o
 .bss           0x00000000        0x0 Timer/TimerSwBase.o
 .text          0x00000000        0x0 c:/users/user/documents/embedded c/7.0/toolchain/avr8/avr8-gnu-toolchain/bin/../lib/gcc/avr/5.4.0/../../../../avr/lib/avr5\libm.a(addsf3.o)
 .data          0x00000000        0x0 c:/users/user/documents/embedded c/7.0/toolchain/avr8/avr8-gnu-toolchain/bin/../lib/gcc/avr/5.4.0/../../../../avr/lib/avr5\libm.a(addsf3.o)
 .bss           0x00000000        0x0 c:/users/user/documents/embedded c/7.0/toolchain/avr8/avr8-gnu-toolchain/bin/../lib/gcc/avr/5.4.0/../../../../avr/lib/avr5\libm.a(addsf3.o)
 .text          0x00000000        0x0 c:/users/user/documents/embedded c/7.0/toolchain/avr8/avr8-gnu-toolchain/bin/../lib/gcc/avr/5.4.0/../../../../avr/lib/avr5\libm.a(addsf3x.o)
 .data          0x00000000        0x0 c:/users/user/documents/embedded c/7.0/toolchain/avr8/avr8-gnu-toolchain/bin/../lib/gcc/avr/5.4.0/../../../../avr/lib/avr5\libm.a(addsf3x.o)
 .bss           0x00000000        0x0 c:/users/user/documents/embedded c/7.0/toolchain/avr8/avr8-gnu-toolchain/bin/../lib/gcc/avr/5.4.0/../../../../avr/lib/avr5\libm.a(addsf3x.o)
 .text          0x00000000        0x0 c:/users/user/documents/embedded c/7.0/toolchain/avr8/avr8-gnu-toolchain/bin/../lib/gcc/avr/5.4.0/../../../../avr/lib/avr5\libm.a(cmpsf2.o)
 .data          0x00000000        0x0 c:/users/user/documents/embedded c/7.0/toolchain/avr8/avr8-gnu-toolchain/bin/../lib/gcc/avr/5.4.0/../../../../avr/lib/avr5\libm.a(cmpsf2.o)
 .bss           0x00000000        0x0 c:/users/user/documents/embedded c/7.0/toolchain/avr8/avr8-gnu-toolchain/bin/../lib/gcc/avr/5.4.0/../../../../avr/lib/avr5\libm.a(cmpsf2.o)
 .text          0x00000000        0x0 c:/users/user/documents/embedded c/7.0/toolchain/avr8/avr8-gnu-toolchain/bin/../lib/gcc/avr/5.4.0/../../../../avr/lib/avr5\libm.a(divsf3.o)
 .data          0x00000000        0x0 c:/users/user/documents/embedded c/7.0/toolchain/avr8/avr8-gnu-toolchain/bin/../lib/gcc/avr/5.4.0/../../../../avr/lib/avr5\libm.a(divsf3.o)
 .bss           0x00000000        0x0 c:/users/user/documents/embedded c/7.0/toolchain/avr8/avr8-gnu-toolchain/bin/../lib/gcc/avr/5.4.0/../../../../avr/lib/avr5\libm.a(divsf3.o)
 .text          0x00000000        0x0 c:/users/user/documents/embedded c/7.0/toolchain/avr8/avr8-gnu-toolchain/bin/../lib/gcc/avr/5.4.0/../../../../avr/lib/avr5\libm.a(divsf3x.o)
 .data          0x00000000        0x0 c:/users/user/documents/embedded c/7.0/toolchain/avr8/avr8-gnu-toolchain/bin/../lib/gcc/avr/5.4.0/../../../../avr/lib/avr5\libm.a(divsf3x.o)
 .bss           0x00000000        0x0 c:/users/user/documents/embedded c/7.0/toolchain/avr8/avr8-gnu-toolchain/bin/../lib/gcc/avr/5.4.0/../../../../avr/lib/avr5\libm.a(divsf3x.o)
 .text          0x00000000        0x0 c:/users/user/documents/embedded c/7.0/toolchain/avr8/avr8-gnu-toolchain/bin/../lib/gcc/avr/5.4.0/../../../../avr/lib/avr5\libm.a(fixsfsi.o)
 .data          0x00000000        0x0 c:/users/user/documents/embedded c/7.0/toolchain/avr8/avr8-gnu-toolchain/bin/../lib/gcc/avr/5.4.0/../../../../avr/lib/avr5\libm.a(fixsfsi.o)
 .bss           0x00000000        0x0 c:/users/user/documents/embedded c/7.0/toolchain/avr8/avr8-gnu-toolchain/bin/../lib/gcc/avr/5.4.0/../../../../avr/lib/avr5\libm.a(fixsfsi.o)
 .text          0x00000000        0x0 c:/users/user/documents/embedded c/7.0/toolchain/avr8/avr8-gnu-toolchain/bin/../lib/gcc/avr/5.4.0/../../../../avr/lib/avr5\libm.a(fixunssfsi.o)
 .data          0x00000000        0x0 c:/users/user/documents/embedded c/7.0/toolchain/avr8/avr8-gnu-toolchain/bin/../lib/gcc/avr/5.4.0/../../../../avr/lib/avr5\libm.a(fixunssfsi.o)
 .bss           0x00000000        0x0 c:/users/user/documents/embedded c/7.0/toolchain/avr8/avr8-gnu-toolchain/bin/../lib/gcc/avr/5.4.0/../../../../avr/lib/avr5\libm.a(fixunssfsi.o)
 .text          0x00000000        0x0 c:/users/user/documents/embedded c/7.0/toolchain/avr8/avr8-gnu-toolchain/bin/../lib/gcc/avr/5.4.0/../../../../avr/lib/avr5\libm.a(floatsisf.o)
 .data          0x00000000        0x0 c:/users/user/documents/embedded c/7.0/toolchain/avr8/avr8-gnu-toolchain/bin/../lib/gcc/avr/5.4.0/../../../../avr/lib/avr5\libm.a(floatsisf.o)
 .bss           0x00000000        0x0 c:/users/user/documents/embedded c/7.0/toolchain/avr8/avr8-gnu-toolchain/bin/../lib/gcc/avr/5.4.0/../../../../avr/lib/avr5\libm.a(floatsisf.o)
 .text          0x00000000        0x0 c:/users/user/documents/embedded c/7.0/toolchain/avr8/avr8-gnu-toolchain/bin/../lib/gcc/avr/5.4.0/../../../../avr/lib/avr5\libm.a(fp_cmp.o)
 .data          0x00000000        0x0 c:/users/user/documents/embedded c/7.0/toolchain/avr8/avr8-gnu-toolchain/bin/../lib/gcc/avr/5.4.0/../../../../avr/lib/avr5\libm.a(fp_cmp.o)
 .bss           0x00000000        0x0 c:/users/user/documents/embedded c/7.0/toolchain/avr8/avr8-gnu-toolchain/bin/../lib/gcc/avr/5.4.0/../../../../avr/lib/avr5\libm.a(fp_cmp.o)
 .text          0x00000000        0x0 c:/users/user/documents/embedded c/7.0/toolchain/avr8/avr8-gnu-toolchain/bin/../lib/gcc/avr/5.4.0/../../../../avr/lib/avr5\libm.a(fp_inf.o)
 .data          0x00000000        0x0 c:/users/user/documents/embedded c/7.0/toolchain/avr8/avr8-gnu-toolchain/bin/../lib/gcc/avr/5.4.0/../../../../avr/lib/avr5\libm.a(fp_inf.o)
 .bss           0x00000000        0x0 c:/users/user/documents/embedded c/7.0/toolchain/avr8/avr8-gnu-toolchain/bin/../lib/gcc/avr/5.4.0/../../../../avr/lib/avr5\libm.a(fp_inf.o)
 .text          0x00000000        0x0 c:/users/user/documents/embedded c/7.0/toolchain/avr8/avr8-gnu-toolchain/bin/../lib/gcc/avr/5.4.0/../../../../avr/lib/avr5\libm.a(fp_nan.o)
 .data          0x00000000        0x0 c:/users/user/documents/embedded c/7.0/toolchain/avr8/avr8-gnu-toolchain/bin/../lib/gcc/avr/5.4.0/../../../../avr/lib/avr5\libm.a(fp_nan.o)
 .bss           0x00000000        0x0 c:/users/user/documents/embedded c/7.0/toolchain/avr8/avr8-gnu-toolchain/bin/../lib/gcc/avr/5.4.0/../../../../avr/lib/avr5\libm.a(fp_nan.o)
 .text          0x00000000        0x0 c:/users/user/documents/embedded c/7.0/toolchain/avr8/avr8-gnu-toolchain/bin/../lib/gcc/avr/5.4.0/../../../../avr/lib/avr5\libm.a(fp_pscA.o)
 .data          0x00000000        0x0 c:/users/user/documents/embedded c/7.0/toolchain/avr8/avr8-gnu-toolchain/bin/../lib/gcc/avr/5.4.0/../../../../avr/lib/avr5\libm.a(fp_pscA.o)
 .bss           0x00000000        0x0 c:/users/user/documents/embedded c/7.0/toolchain/avr8/avr8-gnu-toolchain/bin/../lib/gcc/avr/5.4.0/../../../../avr/lib/avr5\libm.a(fp_pscA.o)
 .text          0x00000000        0x0 c:/users/user/documents/embedded c/7.0/toolchain/avr8/avr8-gnu-toolchain/bin/../lib/gcc/avr/5.4.0/../../../../avr/lib/avr5\libm.a(fp_pscB.o)
 .data          0x00000000        0x0 c:/users/user/documents/embedded c/7.0/toolchain/avr8/avr8-gnu-toolchain/bin/../lib/gcc/avr/5.4.0/../../../../avr/lib/avr5\libm.a(fp_pscB.o)
 .bss           0x00000000        0x0 c:/users/user/documents/embedded c/7.0/toolchain/avr8/avr8-gnu-toolchain/bin/../lib/gcc/avr/5.4.0/../../../../avr/lib/avr5\libm.a(fp_pscB.o)
 .text          0x00000000        0x0 c:/users/user/documents/embedded c/7.0/toolchain/avr8/avr8-gnu-toolchain/bin/../lib/gcc/avr/5.4.0/../../../../avr/lib/avr5\libm.a(fp_round.o)
 .data          0x00000000        0x0 c:/users/user/documents/embedded c/7.0/toolchain/avr8/avr8-gnu-toolchain/bin/../lib/gcc/avr/5.4.0/../../../../avr/lib/avr5\libm.a(fp_round.o)
 .bss           0x00000000        0x0 c:/users/user/documents/embedded c/7.0/toolchain/avr8/avr8-gnu-toolchain/bin/../lib/gcc/avr/5.4.0/../../../../avr/lib/avr5\libm.a(fp_round.o)
 .text          0x00000000        0x0 c:/users/user/documents/embedded c/7.0/toolchain/avr8/avr8-gnu-toolchain/bin/../lib/gcc/avr/5.4.0/../../../../avr/lib/avr5\libm.a(fp_split3.o)
 .data          0x00000000        0x0 c:/users/user/documents/embedded c/7.0/toolchain/avr8/avr8-gnu-toolchain/bin/../lib/gcc/avr/5.4.0/../../../../avr/lib/avr5\libm.a(fp_split3.o)
 .bss           0x00000000        0x0 c:/users/user/documents/embedded c/7.0/toolchain/avr8/avr8-gnu-toolchain/bin/../lib/gcc/avr/5.4.0/../../../../avr/lib/avr5\libm.a(fp_split3.o)
 .text          0x00000000        0x0 c:/users/user/documents/embedded c/7.0/toolchain/avr8/avr8-gnu-toolchain/bin/../lib/gcc/avr/5.4.0/../../../../avr/lib/avr5\libm.a(fp_zero.o)
 .data          0x00000000        0x0 c:/users/user/documents/embedded c/7.0/toolchain/avr8/avr8-gnu-toolchain/bin/../lib/gcc/avr/5.4.0/../../../../avr/lib/avr5\libm.a(fp_zero.o)
 .bss           0x00000000        0x0 c:/users/user/documents/embedded c/7.0/toolchain/avr8/avr8-gnu-toolchain/bin/../lib/gcc/avr/5.4.0/../../../../avr/lib/avr5\libm.a(fp_zero.o)
 .text          0x00000000        0x0 c:/users/user/documents/embedded c/7.0/toolchain/avr8/avr8-gnu-toolchain/bin/../lib/gcc/avr/5.4.0/../../../../avr/lib/avr5\libm.a(gesf2.o)
 .data          0x00000000        0x0 c:/users/user/documents/embedded c/7.0/toolchain/avr8/avr8-gnu-toolchain/bin/../lib/gcc/avr/5.4.0/../../../../avr/lib/avr5\libm.a(gesf2.o)
 .bss           0x00000000        0x0 c:/users/user/documents/embedded c/7.0/toolchain/avr8/avr8-gnu-toolchain/bin/../lib/gcc/avr/5.4.0/../../../../avr/lib/avr5\libm.a(gesf2.o)
 .text          0x00000000        0x0 c:/users/user/documents/embedded c/7.0/toolchain/avr8/avr8-gnu-toolchain/bin/../lib/gcc/avr/5.4.0/../../../../avr/lib/avr5\libm.a(mulsf3.o)
 .data          0x00000000        0x0 c:/users/user/documents/embedded c/7.0/toolchain/avr8/avr8-gnu-toolchain/bin/../lib/gcc/avr/5.4.0/../../../../avr/lib/avr5\libm.a(mulsf3.o)
 .bss           0x00000000        0x0 c:/users/user/documents/embedded c/7.0/toolchain/avr8/avr8-gnu-toolchain/bin/../lib/gcc/avr/5.4.0/../../../../avr/lib/avr5\libm.a(mulsf3.o)
 .text          0x00000000        0x0 c:/users/user/documents/embedded c/7.0/toolchain/avr8/avr8-gnu-toolchain/bin/../lib/gcc/avr/5.4.0/../../../../avr/lib/avr5\libm.a(mulsf3x.o)
 .data          0x00000000        0x0 c:/users/user/documents/embedded c/7.0/toolchain/avr8/avr8-gnu-toolchain/bin/../lib/gcc/avr/5.4.0/../../../../avr/lib/avr5\libm.a(mulsf3x.o)
 .bss           0x00000000        0x0 c:/users/user/documents/embedded c/7.0/toolchain/avr8/avr8-gnu-toolchain/bin/../lib/gcc/avr/5.4.0/../../../../avr/lib/avr5\libm.a(mulsf3x.o)
 .text          0x00000000        0x0 c:/users/user/documents/embedded c/7.0/toolchain/avr8/avr8-gnu-toolchain/bin/../lib/gcc/avr/5.4.0/avr5\libgcc.a(_exit.o)
 .data          0x00000000        0x0 c:/users/user/documents/embedded c/7.0/toolchain/avr8/avr8-gnu-toolchain/bin/../lib/gcc/avr/5.4.0/avr5\libgcc.a(_exit.o)
 .bss           0x00000000        0x0 c:/users/user/documents/embedded c/7.0/toolchain/avr8/avr8-gnu-toolchain/bin/../lib/gcc/avr/5.4.0/avr5\libgcc.a(_exit.o)
 .text.libgcc.mul
                0x00000000        0x0 c:/users/user/documents/embedded c/7.0/toolchain/avr8/avr8-gnu-toolchain/bin/../lib/gcc/avr/5.4.0/avr5\libgcc.a(_exit.o)
 .text.libgcc.div
                0x00000000        0x0 c:/users/user/documents/embedded c/7.0/toolchain/avr8/avr8-gnu-toolchain/bin/../lib/gcc/avr/5.4.0/avr5\libgcc.a(_exit.o)
 .text.libgcc   0x00000000        0x0 c:/users/user/documents/embedded c/7.0/toolchain/avr8/avr8-gnu-toolchain/bin/../lib/gcc/avr/5.4.0/avr5\libgcc.a(_exit.o)
 .text.libgcc.prologue
                0x00000000        0x0 c:/users/user/documents/embedded c/7.0/toolchain/avr8/avr8-gnu-toolchain/bin/../lib/gcc/avr/5.4.0/avr5\libgcc.a(_exit.o)
 .text.libgcc.builtins
                0x00000000        0x0 c:/users/user/documents/embedded c/7.0/toolchain/avr8/avr8-gnu-toolchain/bin/../lib/gcc/avr/5.4.0/avr5\libgcc.a(_exit.o)
 .text.libgcc.fmul
                0x00000000        0x0 c:/users/user/documents/embedded c/7.0/toolchain/avr8/avr8-gnu-toolchain/bin/../lib/gcc/avr/5.4.0/avr5\libgcc.a(_exit.o)
 .text.libgcc.fixed
                0x00000000        0x0 c:/users/user/documents/embedded c/7.0/toolchain/avr8/avr8-gnu-toolchain/bin/../lib/gcc/avr/5.4.0/avr5\libgcc.a(_exit.o)
 .text          0x00000000        0x0 c:/users/user/documents/embedded c/7.0/toolchain/avr8/avr8-gnu-toolchain/bin/../lib/gcc/avr/5.4.0/avr5\libgcc.a(_copy_data.o)
 .data          0x00000000        0x0 c:/users/user/documents/embedded c/7.0/toolchain/avr8/avr8-gnu-toolchain/bin/../lib/gcc/avr/5.4.0/avr5\libgcc.a(_copy_data.o)
 .bss           0x00000000        0x0 c:/users/user/documents/embedded c/7.0/toolchain/avr8/avr8-gnu-toolchain/bin/../lib/gcc/avr/5.4.0/avr5\libgcc.a(_copy_data.o)
 .text.libgcc.mul
                0x00000000        0x0 c:/users/user/documents/embedded c/7.0/toolchain/avr8/avr8-gnu-toolchain/bin/../lib/gcc/avr/5.4.0/avr5\libgcc.a(_copy_data.o)
 .text.libgcc.div
                0x00000000        0x0 c:/users/user/documents/embedded c/7.0/toolchain/avr8/avr8-gnu-toolchain/bin/../lib/gcc/avr/5.4.0/avr5\libgcc.a(_copy_data.o)
 .text.libgcc   0x00000000        0x0 c:/users/user/documents/embedded c/7.0/toolchain/avr8/avr8-gnu-toolchain/bin/../lib/gcc/avr/5.4.0/avr5\libgcc.a(_copy_data.o)
 .text.libgcc.prologue
                0x00000000        0x0 c:/users/user/documents/embedded c/7.0/toolchain/avr8/avr8-gnu-toolchain/bin/../lib/gcc/avr/5.4.0/avr5\libgcc.a(_copy_data.o)
 .text.libgcc.builtins
                0x00000000        0x0 c:/users/user/documents/embedded c/7.0/toolchain/avr8/avr8-gnu-toolchain/bin/../lib/gcc/avr/5.4.0/avr5\libgcc.a(_copy_data.o)
 .text.libgcc.fmul
                0x00000000        0x0 c:/users/user/documents/embedded c/7.0/toolchain/avr8/avr8-gnu-toolchain/bin/../lib/gcc/avr/5.4.0/avr5\libgcc.a(_copy_data.o)
 .text.libgcc.fixed
                0x00000000        0x0 c:/users/user/documents/embedded c/7.0/toolchain/avr8/avr8-gnu-toolchain/bin/../lib/gcc/avr/5.4.0/avr5\libgcc.a(_copy_data.o)
 .text          0x00000000        0x0 c:/users/user/documents/embedded c/7.0/toolchain/avr8/avr8-gnu-toolchain/bin/../lib/gcc/avr/5.4.0/avr5\libgcc.a(_clear_bss.o)
 .data          0x00000000        0x0 c:/users/user/documents/embedded c/7.0/toolchain/avr8/avr8-gnu-toolchain/bin/../lib/gcc/avr/5.4.0/avr5\libgcc.a(_clear_bss.o)
 .bss           0x00000000        0x0 c:/users/user/documents/embedded c/7.0/toolchain/avr8/avr8-gnu-toolchain/bin/../lib/gcc/avr/5.4.0/avr5\libgcc.a(_clear_bss.o)
 .text.libgcc.mul
                0x00000000        0x0 c:/users/user/documents/embedded c/7.0/toolchain/avr8/avr8-gnu-toolchain/bin/../lib/gcc/avr/5.4.0/avr5\libgcc.a(_clear_bss.o)
 .text.libgcc.div
                0x00000000        0x0 c:/users/user/documents/embedded c/7.0/toolchain/avr8/avr8-gnu-toolchain/bin/../lib/gcc/avr/5.4.0/avr5\libgcc.a(_clear_bss.o)
 .text.libgcc   0x00000000        0x0 c:/users/user/documents/embedded c/7.0/toolchain/avr8/avr8-gnu-toolchain/bin/../lib/gcc/avr/5.4.0/avr5\libgcc.a(_clear_bss.o)
 .text.libgcc.prologue
                0x00000000        0x0 c:/users/user/documents/embedded c/7.0/toolchain/avr8/avr8-gnu-toolchain/bin/../lib/gcc/avr/5.4.0/avr5\libgcc.a(_clear_bss.o)
 .text.libgcc.builtins
                0x00000000        0x0 c:/users/user/documents/embedded c/7.0/toolchain/avr8/avr8-gnu-toolchain/bin/../lib/gcc/avr/5.4.0/avr5\libgcc.a(_clear_bss.o)
 .text.libgcc.fmul
                0x00000000        0x0 c:/users/user/documents/embedded c/7.0/toolchain/avr8/avr8-gnu-toolchain/bin/../lib/gcc/avr/5.4.0/avr5\libgcc.a(_clear_bss.o)
 .text.libgcc.fixed
                0x00000000        0x0 c:/users/user/documents/embedded c/7.0/toolchain/avr8/avr8-gnu-toolchain/bin/../lib/gcc/avr/5.4.0/avr5\libgcc.a(_clear_bss.o)

Memory Configuration

Name             Origin             Length             Attributes
text             0x00000000         0x00008000         xr
data             0x00800060         0x00000800         rw !x
eeprom           0x00810000         0x00000400         rw !x
fuse             0x00820000         0x00000002         rw !x
lock             0x00830000         0x00000400         rw !x
signature        0x00840000         0x00000400         rw !x
user_signatures  0x00850000         0x00000400         rw !x
*default*        0x00000000         0xffffffff

Linker script and memory map

LOAD C:/Users/User/Documents/embedded C/7.0/Packs/atmel/ATmega_DFP/1.7.374/gcc/dev/atmega32/avr5/crtatmega32.o
LOAD Adc/Adc.o
LOAD Adc/AdcCfg.o
LOAD Button/Button.o
LOAD Led/Led.o
LOAD main.o
LOAD Rtc/Rtc.o
LOAD Rtc/RtcCfg.o
LOAD SevSeg/SevSeg.o
LOAD SevSeg/SevSegCfg.o
LOAD Timer/StatuError.o
LOAD Timer/TimerCfg.o
LOAD Timer/TimerSw.o
LOAD Timer/TimerSwBase.o
START GROUP
LOAD c:/users/user/documents/embedded c/7.0/toolchain/avr8/avr8-gnu-toolchain/bin/../lib/gcc/avr/5.4.0/../../../../avr/lib/avr5\libm.a
END GROUP
START GROUP
LOAD c:/users/user/documents/embedded c/7.0/toolchain/avr8/avr8-gnu-toolchain/bin/../lib/gcc/avr/5.4.0/avr5\libgcc.a
LOAD c:/users/user/documents/embedded c/7.0/toolchain/avr8/avr8-gnu-toolchain/bin/../lib/gcc/avr/5.4.0/../../../../avr/lib/avr5\libm.a
LOAD c:/users/user/documents/embedded c/7.0/toolchain/avr8/avr8-gnu-toolchain/bin/../lib/gcc/avr/5.4.0/../../../../avr/lib/avr5\libc.a
LOAD C:/Users/User/Documents/embedded C/7.0/Packs/atmel/ATmega_DFP/1.7.374/gcc/dev/atmega32/avr5\libatmega32.a
END GROUP
                0x00000000                __TEXT_REGION_ORIGIN__ = DEFINED (__TEXT_REGION_ORIGIN__)?__TEXT_REGION_ORIGIN__:0x0
                [0x00800060]                __DATA_REGION_ORIGIN__ = DEFINED (__DATA_REGION_ORIGIN__)?__DATA_REGION_ORIGIN__:0x800060
                [0x00008000]                __TEXT_REGION_LENGTH__ = DEFINED (__TEXT_REGION_LENGTH__)?__TEXT_REGION_LENGTH__:0x20000
                [0x00000800]                __DATA_REGION_LENGTH__ = DEFINED (__DATA_REGION_LENGTH__)?__DATA_REGION_LENGTH__:0xffa0
                [0x00000400]                __EEPROM_REGION_LENGTH__ = DEFINED (__EEPROM_REGION_LENGTH__)?__EEPROM_REGION_LENGTH__:0x10000
                [0x00000002]                __FUSE_REGION_LENGTH__ = DEFINED (__FUSE_REGION_LENGTH__)?__FUSE_REGION_LENGTH__:0x400
                0x00000400                __LOCK_REGION_LENGTH__ = DEFINED (__LOCK_REGION_LENGTH__)?__LOCK_REGION_LENGTH__:0x400
                0x00000400                __SIGNATURE_REGION_LENGTH__ = DEFINED (__SIGNATURE_REGION_LENGTH__)?__SIGNATURE_REGION_LENGTH__:0x400
                0x00000400                __USER_SIGNATURE_REGION_LENGTH__ = DEFINED (__USER_SIGNATURE_REGION_LENGTH__)?__USER_SIGNATURE_REGION_LENGTH__:0x400

.hash
 *(.hash)

.dynsym
 *(.dynsym)

.dynstr
 *(.dynstr)

.gnu.version
 *(.gnu.version)

.gnu.version_d
 *(.gnu.version_d)

.gnu.version_r
 *(.gnu.version_r)

.rel.init
 *(.rel.init)

.rela.init
 *(.rela.init)

.rel.text
 *(.rel.text)
 *(.rel.text.*)
 *(.rel.gnu.linkonce.t*)

.rela.text
 *(.rela.text)
 *(.rela.text.*)
 *(.rela.gnu.linkonce.t*)

.rel.fini
 *(.rel.fini)

.rela.fini
 *(.rela.fini)

.rel.rodata
 *(.rel.rodata)
 *(.rel.rodata.*)
 *(.rel.gnu.linkonce.r*)

.rela.rodata
 *(.rela.rodata)
 *(.rela.rodata.*)
 *(.rela.gnu.linkonce.r*)

.rel.data
 *(.rel.data)
 *(.rel.data.*)
 *(.rel.gnu.linkonce.d*)

.rela.data
 *(.rela.data)
 *(.rela.data.*)
 *(.rela.gnu.linkonce.d*)

.rel.ctors
 *(.rel.ctors)

.rela.ctors
 *(.rela.ctors)

.rel.dtors
 *(.rel.dtors)

.rela.dtors
 *(.rela.dtors)

.rel.got
 *(.rel.got)

.rela.got
 *(.rela.got)

.rel.bss
 *(.rel.bss)

.rela.bss
 *(.rela.bss)

.rel.plt
 *(.rel.plt)

.rela.plt
 *(.rela.plt)

.text           0x00000000      0xf72
 *(.vectors)
 .vectors       0x00000000       0x54 C:/Users/User/Documents/embedded C/7.0/Packs/atmel/ATmega_DFP/1.7.374/gcc/dev/atmega32/avr5/crtatmega32.o
                0x00000000                __vector_default
                0x00000000                __vectors
 *(.vectors)
 *(.progmem.gcc*)
                0x00000054                . = ALIGN (0x2)
                0x00000054                __trampolines_start = .
 *(.trampolines)
 .trampolines   0x00000054        0x0 linker stubs
 *(.trampolines*)
                0x00000054                __trampolines_end = .
 *libprintf_flt.a:*(.progmem.data)
 *libc.a:*(.progmem.data)
 *(.progmem*)
                0x00000054                . = ALIGN (0x2)
 *(.jumptables)
 *(.jumptables*)
 *(.lowtext)
 *(.lowtext*)
                0x00000054                __ctors_start = .
 *(.ctors)
                0x00000054                __ctors_end = .
                0x00000054                __dtors_start = .
 *(.dtors)
                0x00000054                __dtors_end = .
 SORT(*)(.ctors)
 SORT(*)(.dtors)
 *(.init0)
 .init0         0x00000054        0x0 C:/Users/User/Documents/embedded C/7.0/Packs/atmel/ATmega_DFP/1.7.374/gcc/dev/atmega32/avr5/crtatmega32.o
                0x00000054                __init
 *(.init0)
 *(.init1)
 *(.init1)
 *(.init2)
 .init2         0x00000054        0xc C:/Users/User/Documents/embedded C/7.0/Packs/atmel/ATmega_DFP/1.7.374/gcc/dev/atmega32/avr5/crtatmega32.o
 *(.init2)
 *(.init3)
 *(.init3)
 *(.init4)
 .init4         0x00000060       0x16 c:/users/user/documents/embedded c/7.0/toolchain/avr8/avr8-gnu-toolchain/bin/../lib/gcc/avr/5.4.0/avr5\libgcc.a(_copy_data.o)
                0x00000060                __do_copy_data
 .init4         0x00000076       0x10 c:/users/user/documents/embedded c/7.0/toolchain/avr8/avr8-gnu-toolchain/bin/../lib/gcc/avr/5.4.0/avr5\libgcc.a(_clear_bss.o)
                0x00000076                __do_clear_bss
 *(.init4)
 *(.init5)
 *(.init5)
 *(.init6)
 *(.init6)
 *(.init7)
 *(.init7)
 *(.init8)
 *(.init8)
 *(.init9)
 .init9         0x00000086        0x8 C:/Users/User/Documents/embedded C/7.0/Packs/atmel/ATmega_DFP/1.7.374/gcc/dev/atmega32/avr5/crtatmega32.o
 *(.init9)
 *(.text)
 .text          0x0000008e        0x4 C:/Users/User/Documents/embedded C/7.0/Packs/atmel/ATmega_DFP/1.7.374/gcc/dev/atmega32/avr5/crtatmega32.o
                0x0000008e                __vector_1
                0x0000008e                __vector_12
                0x0000008e                __bad_interrupt
                0x0000008e                __vector_6
                0x0000008e                __vector_3
                0x0000008e                __vector_11
                0x0000008e                __vector_13
                0x0000008e                __vector_17
                0x0000008e                __vector_19
                0x0000008e                __vector_7
                0x0000008e                __vector_5
                0x0000008e                __vector_4
                0x0000008e                __vector_2
                0x0000008e                __vector_15
                0x0000008e                __vector_8
                0x0000008e                __vector_14
                0x0000008e                __vector_10
                0x0000008e                __vector_18
                0x0000008e                __vector_20
                0x00000092                . = ALIGN (0x2)
 *(.text.*)
 .text.__vector_16
                0x00000092       0x76 Adc/Adc.o
                0x00000092                __vector_16
 .text.AdcInit  0x00000108        0xe Adc/Adc.o
                0x00000108                AdcInit
 .text.GetAdcValue
                0x00000116        0x6 Adc/Adc.o
                0x00000116                GetAdcValue
 .text.AdcEnable
                0x0000011c        0x8 Adc/AdcCfg.o
                0x0000011c                AdcEnable
 .text.AdcStartConversion
                0x00000124        0x8 Adc/AdcCfg.o
                0x00000124                AdcStartConversion
 .text.AdcEnableInterrupt
                0x0000012c        0x8 Adc/AdcCfg.o
                0x0000012c                AdcEnableInterrupt
 .text.AdcCfgInitAndGet
                0x00000134       0x70 Adc/AdcCfg.o
                0x00000134                AdcCfgInitAndGet
 .text.ButtonInit
                0x000001a4       0x86 Button/Button.o
                0x000001a4                ButtonInit
 .text.ButtonRoutine
                0x0000022a       0xdc Button/Button.o
                0x0000022a                ButtonRoutine
 .text.LedAllOff
                0x00000306       0x2e Led/Led.o
                0x00000306                LedAllOff
 .text.LedInit  0x00000334       0x4c Led/Led.o
                0x00000334                LedInit
 .text.LedToggle
                0x00000380       0x20 Led/Led.o
                0x00000380                LedToggle
 .text.increase_counter
                0x000003a0       0x2e main.o
                0x000003a0                increase_counter
 .text.main     0x000003ce       0xe8 main.o
                0x000003ce                main
 .text.FloatToBuff
                0x000004b6      0x284 SevSeg/SevSeg.o
 .text.SevSegInit
                0x0000073a       0x3e SevSeg/SevSeg.o
                0x0000073a                SevSegInit
 .text.SevSegRutine
                0x00000778       0x50 SevSeg/SevSeg.o
                0x00000778                SevSegRutine
 .text.SevSegSetFloatVal
                0x000007c8        0xc SevSeg/SevSeg.o
                0x000007c8                SevSegSetFloatVal
 .text.SevSegCfgInitAndGet
                0x000007d4       0x3c SevSeg/SevSegCfg.o
                0x000007d4                SevSegCfgInitAndGet
 .text.SevSegCfgAllDigitsOff
                0x00000810       0x1a SevSeg/SevSegCfg.o
                0x00000810                SevSegCfgAllDigitsOff
 .text.SevSegCfgSetDigitValue
                0x0000082a        0x6 SevSeg/SevSegCfg.o
                0x0000082a                SevSegCfgSetDigitValue
 .text.SevSegCfgDigitOn
                0x00000830       0x26 SevSeg/SevSegCfg.o
                0x00000830                SevSegCfgDigitOn
 .text.__vector_9
                0x00000856       0x52 Timer/TimerCfg.o
                0x00000856                __vector_9
 .text.TimerInitCfg
                0x000008a8       0x20 Timer/TimerCfg.o
                0x000008a8                TimerInitCfg
 .text.TimerEnableCfg
                0x000008c8       0x12 Timer/TimerCfg.o
                0x000008c8                TimerEnableCfg
 .text.TimerGetIntervalPointerCfg
                0x000008da        0x6 Timer/TimerCfg.o
                0x000008da                TimerGetIntervalPointerCfg
 .text.s_IsValidHandle
                0x000008e0       0x18 Timer/TimerSw.o
 .text.s_IsValidAndActiveHandle
                0x000008f8       0x20 Timer/TimerSw.o
 .text.s_Init   0x00000918       0x28 Timer/TimerSw.o
 .text.s_Startup
                0x00000940       0x3a Timer/TimerSw.o
 .text.s_GetTimerStateProp
                0x0000097a       0xee Timer/TimerSw.o
 .text.TimerSwInit
                0x00000a68       0x18 Timer/TimerSw.o
                0x00000a68                TimerSwInit
 .text.TimerSwStartup
                0x00000a80       0x32 Timer/TimerSw.o
                0x00000a80                TimerSwStartup
 .text.TimerSwIsExpired
                0x00000ab2       0x22 Timer/TimerSw.o
                0x00000ab2                TimerSwIsExpired
 .text.TimerSwBasePassed
                0x00000ad4       0x1e Timer/TimerSwBase.o
                0x00000ad4                TimerSwBasePassed
 .text.avr-libc.fplib
                0x00000af2        0xe c:/users/user/documents/embedded c/7.0/toolchain/avr8/avr8-gnu-toolchain/bin/../lib/gcc/avr/5.4.0/../../../../avr/lib/avr5\libm.a(addsf3.o)
                0x00000af2                __subsf3
                0x00000af4                __addsf3
 .text.avr-libc.fplib
                0x00000b00       0xcc c:/users/user/documents/embedded c/7.0/toolchain/avr8/avr8-gnu-toolchain/bin/../lib/gcc/avr/5.4.0/../../../../avr/lib/avr5\libm.a(addsf3x.o)
                0x00000b22                __addsf3x
 .text.avr-libc.fplib
                0x00000bcc        0xa c:/users/user/documents/embedded c/7.0/toolchain/avr8/avr8-gnu-toolchain/bin/../lib/gcc/avr/5.4.0/../../../../avr/lib/avr5\libm.a(cmpsf2.o)
                0x00000bcc                __nesf2
                0x00000bcc                __eqsf2
                0x00000bcc                __cmpsf2
                0x00000bcc                __ltsf2
                0x00000bcc                __lesf2
 .text.avr-libc.fplib
                0x00000bd6        0x8 c:/users/user/documents/embedded c/7.0/toolchain/avr8/avr8-gnu-toolchain/bin/../lib/gcc/avr/5.4.0/../../../../avr/lib/avr5\libm.a(divsf3.o)
                0x00000bd6                __divsf3
 .text.avr-libc.fplib
                0x00000bde       0xdc c:/users/user/documents/embedded c/7.0/toolchain/avr8/avr8-gnu-toolchain/bin/../lib/gcc/avr/5.4.0/../../../../avr/lib/avr5\libm.a(divsf3x.o)
                0x00000bfe                __divsf3x
                0x00000c04                __divsf3_pse
 .text.avr-libc.fplib
                0x00000cba        0xe c:/users/user/documents/embedded c/7.0/toolchain/avr8/avr8-gnu-toolchain/bin/../lib/gcc/avr/5.4.0/../../../../avr/lib/avr5\libm.a(fixsfsi.o)
                0x00000cba                __fixsfsi
 .text.avr-libc.fplib
                0x00000cc8       0x5e c:/users/user/documents/embedded c/7.0/toolchain/avr8/avr8-gnu-toolchain/bin/../lib/gcc/avr/5.4.0/../../../../avr/lib/avr5\libm.a(fixunssfsi.o)
                0x00000cc8                __fixunssfsi
 .text.avr-libc.fplib
                0x00000d26       0x7a c:/users/user/documents/embedded c/7.0/toolchain/avr8/avr8-gnu-toolchain/bin/../lib/gcc/avr/5.4.0/../../../../avr/lib/avr5\libm.a(floatsisf.o)
                0x00000d26                __floatunsisf
                0x00000d2a                __floatsisf
 .text.avr-libc.fplib
                0x00000da0       0x48 c:/users/user/documents/embedded c/7.0/toolchain/avr8/avr8-gnu-toolchain/bin/../lib/gcc/avr/5.4.0/../../../../avr/lib/avr5\libm.a(fp_cmp.o)
                0x00000da0                __fp_cmp
 .text.avr-libc.fplib
                0x00000de8        0xc c:/users/user/documents/embedded c/7.0/toolchain/avr8/avr8-gnu-toolchain/bin/../lib/gcc/avr/5.4.0/../../../../avr/lib/avr5\libm.a(fp_inf.o)
                0x00000de8                __fp_inf
 .text.avr-libc.fplib
                0x00000df4        0x6 c:/users/user/documents/embedded c/7.0/toolchain/avr8/avr8-gnu-toolchain/bin/../lib/gcc/avr/5.4.0/../../../../avr/lib/avr5\libm.a(fp_nan.o)
                0x00000df4                __fp_nan
 .text.avr-libc.fplib
                0x00000dfa        0xe c:/users/user/documents/embedded c/7.0/toolchain/avr8/avr8-gnu-toolchain/bin/../lib/gcc/avr/5.4.0/../../../../avr/lib/avr5\libm.a(fp_pscA.o)
                0x00000dfa                __fp_pscA
 .text.avr-libc.fplib
                0x00000e08        0xe c:/users/user/documents/embedded c/7.0/toolchain/avr8/avr8-gnu-toolchain/bin/../lib/gcc/avr/5.4.0/../../../../avr/lib/avr5\libm.a(fp_pscB.o)
                0x00000e08                __fp_pscB
 .text.avr-libc.fplib
                0x00000e16       0x22 c:/users/user/documents/embedded c/7.0/toolchain/avr8/avr8-gnu-toolchain/bin/../lib/gcc/avr/5.4.0/../../../../avr/lib/avr5\libm.a(fp_round.o)
                0x00000e16                __fp_round
 .text.avr-libc.fplib
                0x00000e38       0x44 c:/users/user/documents/embedded c/7.0/toolchain/avr8/avr8-gnu-toolchain/bin/../lib/gcc/avr/5.4.0/../../../../avr/lib/avr5\libm.a(fp_split3.o)
                0x00000e38                __fp_split3
                0x00000e48                __fp_splitA
 .text.avr-libc.fplib
                0x00000e7c        0xe c:/users/user/documents/embedded c/7.0/toolchain/avr8/avr8-gnu-toolchain/bin/../lib/gcc/avr/5.4.0/../../../../avr/lib/avr5\libm.a(fp_zero.o)
                0x00000e7c                __fp_zero
                0x00000e7e                __fp_szero
 .text.avr-libc.fplib
                0x00000e8a        0xa c:/users/user/documents/embedded c/7.0/toolchain/avr8/avr8-gnu-toolchain/bin/../lib/gcc/avr/5.4.0/../../../../avr/lib/avr5\libm.a(gesf2.o)
                0x00000e8a                __gesf2
                0x00000e8a                __gtsf2
 .text.avr-libc.fplib
                0x00000e94        0x8 c:/users/user/documents/embedded c/7.0/toolchain/avr8/avr8-gnu-toolchain/bin/../lib/gcc/avr/5.4.0/../../../../avr/lib/avr5\libm.a(mulsf3.o)
                0x00000e94                __mulsf3
 .text.avr-libc.fplib
                0x00000e9c       0xd2 c:/users/user/documents/embedded c/7.0/toolchain/avr8/avr8-gnu-toolchain/bin/../lib/gcc/avr/5.4.0/../../../../avr/lib/avr5\libm.a(mulsf3x.o)
                0x00000eba                __mulsf3x
                0x00000ec0                __mulsf3_pse
                0x00000f6e                . = ALIGN (0x2)
 *(.fini9)
 .fini9         0x00000f6e        0x0 c:/users/user/documents/embedded c/7.0/toolchain/avr8/avr8-gnu-toolchain/bin/../lib/gcc/avr/5.4.0/avr5\libgcc.a(_exit.o)
                0x00000f6e                _exit
                0x00000f6e                exit
 *(.fini9)
 *(.fini8)
 *(.fini8)
 *(.fini7)
 *(.fini7)
 *(.fini6)
 *(.fini6)
 *(.fini5)
 *(.fini5)
 *(.fini4)
 *(.fini4)
 *(.fini3)
 *(.fini3)
 *(.fini2)
 *(.fini2)
 *(.fini1)
 *(.fini1)
 *(.fini0)
 .fini0         0x00000f6e        0x4 c:/users/user/documents/embedded c/7.0/toolchain/avr8/avr8-gnu-toolchain/bin/../lib/gcc/avr/5.4.0/avr5\libgcc.a(_exit.o)
 *(.fini0)
                0x00000f72                _etext = .

.data           0x00800060       0x20 load address 0x00000f72
                0x00800060                PROVIDE (__data_start, .)
 *(.data)
 *(.data*)
 .data.buttonFunctionPtr
                0x00800060        0xe main.o
 .data.a        0x0080006e        0x4 main.o
                0x0080006e                a
 .data.currentTime
                0x00800072        0x2 main.o
                0x00800072                currentTime
 .data.segCode  0x00800074        0xc SevSeg/SevSeg.o
                0x00800074                segCode
 *(.gnu.linkonce.d*)
 *(.rodata)
 *(.rodata*)
 *(.gnu.linkonce.r*)
                0x00800080                . = ALIGN (0x2)
                0x00800080                _edata = .
                0x00800080                PROVIDE (__data_end, .)

.bss            0x00800080       0x65
                0x00800080                PROVIDE (__bss_start, .)
 *(.bss)
 *(.bss*)
 .bss.adcValue  0x00800080        0x4 Adc/Adc.o
 .bss.adcHandleConfig
                0x00800084        0x2 Adc/Adc.o
 .bss.adcHandleConfig
                0x00800086        0x4 Adc/AdcCfg.o
 .bss.counter   0x0080008a        0x7 Button/Button.o
 .bss.buttonState
                0x00800091        0x7 Button/Button.o
 .bss.togglState
                0x00800098        0x7 Button/Button.o
 .bss.buttonHandleConfig
                0x0080009f        0x8 Button/Button.o
 .bss.ledHandleConfig
                0x008000a7        0x6 Led/Led.o
 .bss.adcValue  0x008000ad        0x2 main.o
                0x008000ad                adcValue
 .bss.oldTime   0x008000af        0x2 main.o
                0x008000af                oldTime
 .bss.timerSwHandle
                0x008000b1       0x10 main.o
 .bss.displayState
                0x008000c1        0x1 main.o
                0x008000c1                displayState
 .bss.deviceState
                0x008000c2        0x1 main.o
                0x008000c2                deviceState
 .bss.digitCount
                0x008000c3        0x1 SevSeg/SevSeg.o
 .bss.disp7SegHandleConfig
                0x008000c4        0x7 SevSeg/SevSegCfg.o
 *(COMMON)
 COMMON         0x008000cb        0x2 Button/Button.o
                0x008000cb                buttonFunctionPtr
 COMMON         0x008000cd       0x14 SevSeg/SevSeg.o
                0x008000cd                digitsValue
                0x008000d1                timerSwHandle
 COMMON         0x008000e1        0x4 Timer/TimerCfg.o
                0x008000e1                timerSwInitParam
                0x008000e5                PROVIDE (__bss_end, .)
                0x00000f72                __data_load_start = LOADADDR (.data)
                0x00000f92                __data_load_end = (__data_load_start + SIZEOF (.data))

.noinit         0x008000e5        0x0
                [!provide]                PROVIDE (__noinit_start, .)
 *(.noinit*)
                [!provide]                PROVIDE (__noinit_end, .)
                0x008000e5                _end = .
                [!provide]                PROVIDE (__heap_start, .)

.eeprom         0x00810000        0x0
 *(.eeprom*)
                0x00810000                __eeprom_end = .

.fuse
 *(.fuse)
 *(.lfuse)
 *(.hfuse)
 *(.efuse)

.lock
 *(.lock*)

.signature
 *(.signature*)

.user_signatures
 *(.user_signatures*)

.stab
 *(.stab)

.stabstr
 *(.stabstr)

.stab.excl
 *(.stab.excl)

.stab.exclstr
 *(.stab.exclstr)

.stab.index
 *(.stab.index)

.stab.indexstr
 *(.stab.indexstr)

.comment        0x00000000       0x30
 *(.comment)
 .comment       0x00000000       0x30 Adc/Adc.o
                                 0x31 (size before relaxing)
 .comment       0x00000030       0x31 Adc/AdcCfg.o
 .comment       0x00000030       0x31 Button/Button.o
 .comment       0x00000030       0x31 Led/Led.o
 .comment       0x00000030       0x31 main.o
 .comment       0x00000030       0x31 SevSeg/SevSeg.o
 .comment       0x00000030       0x31 SevSeg/SevSegCfg.o
 .comment       0x00000030       0x31 Timer/TimerCfg.o
 .comment       0x00000030       0x31 Timer/TimerSw.o
 .comment       0x00000030       0x31 Timer/TimerSwBase.o

.note.gnu.avr.deviceinfo
                0x00000000       0x3c
 .note.gnu.avr.deviceinfo
                0x00000000       0x3c C:/Users/User/Documents/embedded C/7.0/Packs/atmel/ATmega_DFP/1.7.374/gcc/dev/atmega32/avr5/crtatmega32.o

.note.gnu.build-id
 *(.note.gnu.build-id)

.debug
 *(.debug)

.line
 *(.line)

.debug_srcinfo
 *(.debug_srcinfo)

.debug_sfnames
 *(.debug_sfnames)

.debug_aranges  0x00000000      0x290
 *(.debug_aranges)
 .debug_aranges
                0x00000000       0x30 Adc/Adc.o
 .debug_aranges
                0x00000030       0x40 Adc/AdcCfg.o
 .debug_aranges
                0x00000070       0x28 Button/Button.o
 .debug_aranges
                0x00000098       0x50 Led/Led.o
 .debug_aranges
                0x000000e8       0x28 main.o
 .debug_aranges
                0x00000110       0x58 SevSeg/SevSeg.o
 .debug_aranges
                0x00000168       0x38 SevSeg/SevSegCfg.o
 .debug_aranges
                0x000001a0       0x38 Timer/TimerCfg.o
 .debug_aranges
                0x000001d8       0x98 Timer/TimerSw.o
 .debug_aranges
                0x00000270       0x20 Timer/TimerSwBase.o

.debug_pubnames
 *(.debug_pubnames)

.debug_info     0x00000000     0x24d7
 *(.debug_info .gnu.linkonce.wi.*)
 .debug_info    0x00000000      0x4e6 C:/Users/User/Documents/embedded C/7.0/Packs/atmel/ATmega_DFP/1.7.374/gcc/dev/atmega32/avr5/crtatmega32.o
 .debug_info    0x000004e6      0x1a2 Adc/Adc.o
 .debug_info    0x00000688      0x186 Adc/AdcCfg.o
 .debug_info    0x0000080e      0x243 Button/Button.o
 .debug_info    0x00000a51      0x218 Led/Led.o
 .debug_info    0x00000c69      0x5eb main.o
 .debug_info    0x00001254      0x6f0 SevSeg/SevSeg.o
 .debug_info    0x00001944      0x16b SevSeg/SevSegCfg.o
 .debug_info    0x00001aaf      0x145 Timer/TimerCfg.o
 .debug_info    0x00001bf4      0x81d Timer/TimerSw.o
 .debug_info    0x00002411       0xc6 Timer/TimerSwBase.o

.debug_abbrev   0x00000000      0xfaa
 *(.debug_abbrev)
 .debug_abbrev  0x00000000      0x4a3 C:/Users/User/Documents/embedded C/7.0/Packs/atmel/ATmega_DFP/1.7.374/gcc/dev/atmega32/avr5/crtatmega32.o
 .debug_abbrev  0x000004a3       0xfe Adc/Adc.o
 .debug_abbrev  0x000005a1       0xd8 Adc/AdcCfg.o
 .debug_abbrev  0x00000679      0x142 Button/Button.o
 .debug_abbrev  0x000007bb       0xcd Led/Led.o
 .debug_abbrev  0x00000888      0x17b main.o
 .debug_abbrev  0x00000a03      0x1d1 SevSeg/SevSeg.o
 .debug_abbrev  0x00000bd4       0xda SevSeg/SevSegCfg.o
 .debug_abbrev  0x00000cae       0xe0 Timer/TimerCfg.o
 .debug_abbrev  0x00000d8e      0x1a4 Timer/TimerSw.o
 .debug_abbrev  0x00000f32       0x78 Timer/TimerSwBase.o

.debug_line     0x00000000     0x145d
 *(.debug_line .debug_line.* .debug_line_end)
 .debug_line    0x00000000      0x116 C:/Users/User/Documents/embedded C/7.0/Packs/atmel/ATmega_DFP/1.7.374/gcc/dev/atmega32/avr5/crtatmega32.o
 .debug_line    0x00000116      0x106 Adc/Adc.o
 .debug_line    0x0000021c      0x168 Adc/AdcCfg.o
 .debug_line    0x00000384      0x1b5 Button/Button.o
 .debug_line    0x00000539      0x1e8 Led/Led.o
 .debug_line    0x00000721      0x21c main.o
 .debug_line    0x0000093d      0x3b7 SevSeg/SevSeg.o
 .debug_line    0x00000cf4      0x155 SevSeg/SevSegCfg.o
 .debug_line    0x00000e49      0x131 Timer/TimerCfg.o
 .debug_line    0x00000f7a      0x416 Timer/TimerSw.o
 .debug_line    0x00001390       0xcd Timer/TimerSwBase.o

.debug_frame    0x00000000      0x568
 *(.debug_frame)
 .debug_frame   0x00000000       0x6c Adc/Adc.o
 .debug_frame   0x0000006c       0x64 Adc/AdcCfg.o
 .debug_frame   0x000000d0       0x44 Button/Button.o
 .debug_frame   0x00000114       0x84 Led/Led.o
 .debug_frame   0x00000198       0x34 main.o
 .debug_frame   0x000001cc       0xe4 SevSeg/SevSeg.o
 .debug_frame   0x000002b0       0x54 SevSeg/SevSegCfg.o
 .debug_frame   0x00000304       0x74 Timer/TimerCfg.o
 .debug_frame   0x00000378      0x1cc Timer/TimerSw.o
 .debug_frame   0x00000544       0x24 Timer/TimerSwBase.o

.debug_str      0x00000000      0xd61
 *(.debug_str)
 .debug_str     0x00000000      0x196 C:/Users/User/Documents/embedded C/7.0/Packs/atmel/ATmega_DFP/1.7.374/gcc/dev/atmega32/avr5/crtatmega32.o
 .debug_str     0x00000196      0x1c8 Adc/Adc.o
                                0x205 (size before relaxing)
 .debug_str     0x0000035e       0x4b Adc/AdcCfg.o
                                0x1fd (size before relaxing)
 .debug_str     0x000003a9      0x11a Button/Button.o
                                0x275 (size before relaxing)
 .debug_str     0x000004c3       0x72 Led/Led.o
                                0x1d4 (size before relaxing)
 .debug_str     0x00000535      0x499 main.o
                                0x687 (size before relaxing)
 .debug_str     0x000009ce      0x1ac SevSeg/SevSeg.o
                                0x642 (size before relaxing)
 .debug_str     0x00000b7a       0x1c SevSeg/SevSegCfg.o
                                0x217 (size before relaxing)
 .debug_str     0x00000b96       0x36 Timer/TimerCfg.o
                                0x1fb (size before relaxing)
 .debug_str     0x00000bcc      0x16b Timer/TimerSw.o
                                0x561 (size before relaxing)
 .debug_str     0x00000d37       0x2a Timer/TimerSwBase.o
                                0x19a (size before relaxing)

.debug_loc      0x00000000     0x1228
 *(.debug_loc)
 .debug_loc     0x00000000       0x7d Adc/Adc.o
 .debug_loc     0x0000007d       0x1f Adc/AdcCfg.o
 .debug_loc     0x0000009c       0xaf Button/Button.o
 .debug_loc     0x0000014b       0xdf Led/Led.o
 .debug_loc     0x0000022a       0x67 main.o
 .debug_loc     0x00000291      0x532 SevSeg/SevSeg.o
 .debug_loc     0x000007c3       0x42 SevSeg/SevSegCfg.o
 .debug_loc     0x00000805       0x9d Timer/TimerCfg.o
 .debug_loc     0x000008a2      0x936 Timer/TimerSw.o
 .debug_loc     0x000011d8       0x50 Timer/TimerSwBase.o

.debug_macinfo
 *(.debug_macinfo)

.debug_weaknames
 *(.debug_weaknames)

.debug_funcnames
 *(.debug_funcnames)

.debug_typenames
 *(.debug_typenames)

.debug_varnames
 *(.debug_varnames)

.debug_pubtypes
 *(.debug_pubtypes)

.debug_ranges   0x00000000      0x1f0
 *(.debug_ranges)
 .debug_ranges  0x00000000       0x20 Adc/Adc.o
 .debug_ranges  0x00000020       0x30 Adc/AdcCfg.o
 .debug_ranges  0x00000050       0x18 Button/Button.o
 .debug_ranges  0x00000068       0x40 Led/Led.o
 .debug_ranges  0x000000a8       0x18 main.o
 .debug_ranges  0x000000c0       0x48 SevSeg/SevSeg.o
 .debug_ranges  0x00000108       0x28 SevSeg/SevSegCfg.o
 .debug_ranges  0x00000130       0x28 Timer/TimerCfg.o
 .debug_ranges  0x00000158       0x88 Timer/TimerSw.o
 .debug_ranges  0x000001e0       0x10 Timer/TimerSwBase.o

.debug_macro
 *(.debug_macro)
OUTPUT(Clock_V1.elf elf32-avr)
LOAD linker stubs
